-r--r--r-- 3/7             287 Jul  1 15:49 1990 Makefile
-r--r--r-- 3/7              99 Jul  1 15:48 1990 Makefile.inc
drwxrwxr-x 3/7               0 Jul  5 11:03 1990 ansi/
-r--r--r-- 3/7            4339 Jul  1 15:25 1990 ansi/ansitape.1
-r--r--r-- 3/7           17147 Jul  1 15:25 1990 ansi/ansitape.c
-r--r--r-- 3/7              78 Jul  1 15:27 1990 ansi/Makefile
-r--r--r-- 3/7              42 Jul 31 02:39 1987 ansi/OWNER
lrwxrwxr-x 3/7               0 Jul  1 15:35 1990 ansi/obj -> /usr/obj/contrib/ansi
drwxrwxr-x 3/7               0 Jul  1 15:44 1990 bib/
drwxrwxr-x 3/7               0 Apr  5 04:24 1990 bib/man/
-rw-r--r-- 3/7             440 Aug 23 08:07 1989 bib/man/Makefile
-r--r--r-- 3/7            4127 May 26 09:19 1986 bib/man/bib.1
-r--r--r-- 3/7            3973 Sep 11 05:37 1985 bib/man/invert.1
-rw-rw-r-- 3/7            4903 Aug 23 08:07 1989 bib/man/bib.0
-rw-rw-r-- 3/7            4839 Aug 23 08:07 1989 bib/man/invert.0
drwxrwxr-x 3/7               0 Apr  5 04:24 1990 bib/doc/
-rw-rw-r-- 3/7             281 Sep 10 13:43 1983 bib/doc/styletop
-rw-rw-r-- 3/7            2892 Sep 10 13:43 1983 bib/doc/testrefs
-rw-rw-r-- 3/7             476 Sep 10 13:43 1983 bib/doc/teststyle
-rw-rw-r-- 3/7             200 Sep 10 13:43 1983 bib/doc/tstyles
drwxrwxr-x 3/7               0 Apr  5 04:24 1990 bib/src/
-r--r--r-- 3/7           32911 Nov 17 11:52 1987 bib/src/bibargs.c
-r--r--r-- 3/7            1991 Jan 30 09:54 1984 bib/src/alpha.seek.c
-r--r--r-- 3/7            2028 Sep 11 05:38 1985 bib/src/bib.h
-r--r--r-- 3/7            3418 Oct 13 10:34 1984 bib/src/listrefs.c
-r--r--r-- 3/7            7180 Mar  6 12:43 1987 bib/src/locate.c
-r--r--r-- 3/7            2459 Mar 12 11:52 1986 bib/src/lookup.c
-r--r--r-- 3/7            2863 Jun 10 23:24 1985 bib/src/Makefile
-r--r--r-- 3/7            2184 Oct  7 10:22 1983 bib/src/makekey.c
-rw-rw-r-- 3/7            2143 Oct  8 07:51 1983 bib/src/refs.test
-rw-rw-r-- 3/7            3352 Oct  8 07:51 1983 bib/src/INDEX
-r--r--r-- 3/7            3945 Mar  6 15:00 1987 bib/src/streams.c
-r--r--r-- 3/7             162 Feb 26 08:17 1985 bib/src/streams.h
-rw-rw-r-- 3/7           32729 Apr 24 12:24 1987 bib/src/bibargs.old
-r--r--r-- 3/7           14375 Mar  6 15:17 1987 bib/src/bib.c
-r--r--r-- 3/7            6030 Mar  6 15:21 1987 bib/src/invert.c
drwxrwxr-x 3/7               0 Apr  5 04:24 1990 bib/macs/
-r--r--r-- 3/7             254 Nov 17 11:18 1987 bib/macs/bib.compsurv
-r--r--r-- 3/7             647 Nov 17 12:00 1987 bib/macs/Makefile
-r--r--r-- 3/7            2820 Apr 28 11:12 1987 bib/macs/bmac.std
-r--r--r-- 3/7            3067 Apr 28 11:05 1987 bib/macs/bmac.open
-r--r--r-- 3/7             240 Apr 24 12:35 1987 bib/macs/bib.astro
-r--r--r-- 3/7              73 Apr 28 02:40 1987 bib/macs/bibmac.me
-r--r--r-- 3/7            7227 Oct  2 05:58 1987 bib/macs/bibinc.fullnames
-r--r--r-- 3/7            5194 Oct  2 05:58 1987 bib/macs/bibinc.shortnames
-r--r--r-- 3/7             863 Mar 14 16:50 1987 bib/macs/bibinc.publishers
-r--r--r-- 3/7             318 May 18 07:05 1984 bib/macs/bib.foot
-r--r--r-- 3/7             110 Mar 13 08:17 1985 bib/macs/common
-r--r--r-- 3/7             178 Sep 10 14:17 1983 bib/macs/bib.hnf
-r--r--r-- 3/7             237 Sep 10 14:17 1983 bib/macs/bib.list
-r--r--r-- 3/7             180 Jun 12 09:56 1985 bib/macs/bib.opena
-r--r--r-- 3/7             175 Sep 10 14:17 1983 bib/macs/bib.openn
-r--r--r-- 3/7            3878 Sep 10 14:17 1983 bib/macs/bib.spe
-r--r--r-- 3/7            3454 May 18 07:05 1984 bib/macs/bib.spe2
-r--r--r-- 3/7             182 Sep 10 14:17 1983 bib/macs/bib.stda
-r--r--r-- 3/7             167 Sep 10 14:17 1983 bib/macs/bib.stdn
-r--r--r-- 3/7              95 Jul 27 10:01 1984 bib/macs/bib.stdsn
-r--r--r-- 3/7             401 Jul 27 10:01 1984 bib/macs/bib.supn
-rw-rw-r-- 3/7             189 Sep 10 12:23 1983 bib/macs/afterpunct
-rw-rw-r-- 3/7             189 Sep 10 12:26 1983 bib/macs/beforepunct
-r--r--r-- 3/7             207 Jan  7 09:56 1984 bib/macs/bib.stdafull
-r--r--r-- 3/7             284 May 29 09:31 1990 bib/Makefile
-r--r--r-- 3/7             735 Apr  9 07:50 1988 bib/README
lrwxr-xr-x 3/7               0 Jul  1 08:39 1990 emacs -> emacs-18.55
-r--r--r-- 3/7         4976139 Jul  5 11:10 1990 emacs-18.55.tar.Z
drwxr-xr-x 3/7               0 Jun 11 09:49 1990 jove/
-rw-r--r-- 3/7             936 May 20 08:02 1989 jove/argcount.h
-rw-r--r-- 3/7            6492 May 20 08:02 1989 jove/buf.h
-rw-r--r-- 3/7             628 May 20 08:02 1989 jove/chars.h
-rw-r--r-- 3/7            1784 May 20 08:02 1989 jove/ctype.h
-rw-r--r-- 3/7            1872 May 20 08:02 1989 jove/dataobj.h
-rw-r--r-- 3/7            1809 May 20 08:02 1989 jove/disp.h
-rw-r--r-- 3/7           14067 Jul 22 04:53 1989 jove/externs.h
-rw-r--r-- 3/7            2239 May 20 08:02 1989 jove/fp.h
-rw-r--r-- 3/7            1906 May  8 07:31 1989 jove/io.h
-rw-r--r-- 3/7            1417 Feb 21 05:26 1989 jove/iproc.h
-rw-r--r-- 3/7            4204 Jul 22 04:53 1989 jove/jove.h
-rw-r--r-- 3/7            1306 Feb 21 05:26 1989 jove/keymaps.h
-rw-r--r-- 3/7             756 May 20 08:02 1989 jove/list.h
-rw-r--r-- 3/7            4535 May 20 08:02 1989 jove/mac.h
-rw-r--r-- 3/7            1880 May 11 10:21 1989 jove/re.h
-rw-r--r-- 3/7             913 Feb 21 05:26 1989 jove/rec.h
-rw-r--r-- 3/7             708 May  8 07:31 1989 jove/scandir.h
-rw-r--r-- 3/7            1259 Feb 21 05:26 1989 jove/screen.h
-rw-r--r-- 3/7             637 Feb 21 05:26 1989 jove/style.h
-rw-r--r-- 3/7            5103 Jun 11 08:43 1990 jove/sysdep.h
-rw-r--r-- 3/7            3525 May 20 08:02 1989 jove/temp.h
-rw-r--r-- 3/7            2335 May 11 10:21 1989 jove/termcap.h
-r--r--r-- 3/7             432 May  8 07:31 1989 jove/ttystate.h
-rw-r--r-- 3/7            2083 Jul 28 13:43 1989 jove/tune.h
-rw-r--r-- 3/7            3183 May 20 08:02 1989 jove/util.h
-rw-r--r-- 3/7            4217 Feb 21 05:26 1989 jove/vars.h
-rw-r--r-- 3/7           17272 May 20 08:02 1989 jove/c.c
-rw-r--r-- 3/7             890 Jul 28 13:34 1989 jove/wait.h
-rw-r--r-- 3/7            2040 May 20 08:02 1989 jove/wind.h
-rw-r--r-- 3/7           15472 May 20 08:02 1989 jove/funcdefs.c
-rw-r--r-- 3/7            6315 May 11 10:20 1989 jove/abbrev.c
-rw-r--r-- 3/7            2920 Feb 21 05:26 1989 jove/argcount.c
-rw-r--r-- 3/7           12033 May 28 12:32 1989 jove/ask.c
-rw-r--r-- 3/7           13075 May 20 08:02 1989 jove/buf.c
-rw-r--r-- 3/7            3772 Feb 21 05:26 1989 jove/case.c
-rw-r--r-- 3/7           10772 Feb 21 05:26 1989 jove/ctype.c
-rw-r--r-- 3/7            6694 May 11 16:03 1989 jove/delete.c
-rw-r--r-- 3/7           29064 May  2 03:22 1990 jove/disp.c
-rw-r--r-- 3/7           13715 Aug  8 11:04 1989 jove/extend.c
-rw-r--r-- 3/7            6543 May  8 07:31 1989 jove/fp.c
-rw-r--r-- 3/7            8364 May 11 10:20 1989 jove/fmt.c
-rw-r--r-- 3/7           14752 May  8 07:31 1989 jove/insert.c
-rw-r--r-- 3/7           29219 Aug  4 04:54 1989 jove/io.c
-rw-r--r-- 3/7            9977 Jul 28 13:39 1989 jove/iproc.c
-rw-r--r-- 3/7           27867 Jun 11 09:45 1990 jove/jove.c
-rw-r--r-- 3/7            1418 Feb 21 05:26 1989 jove/list.c
-rw-r--r-- 3/7            7889 May  8 07:30 1989 jove/macros.c
-rw-r--r-- 3/7            4583 Feb 21 05:26 1989 jove/marks.c
-rw-r--r-- 3/7            5061 Feb 21 05:26 1989 jove/misc.c
-rw-r--r-- 3/7            4750 May  8 07:31 1989 jove/move.c
-rw-r--r-- 3/7           14383 May 20 08:02 1989 jove/paragraph.c
-rw-r--r-- 3/7           19037 Jun 11 09:34 1990 jove/proc.c
-rw-r--r-- 3/7           19434 May 20 08:02 1989 jove/re.c
-rw-r--r-- 3/7           13061 Aug  4 04:49 1989 jove/re1.c
-rw-r--r-- 3/7            3931 May  8 07:31 1989 jove/rec.c
-rw-r--r-- 3/7            5088 Jul 22 04:56 1989 jove/scandir.c
drwxr-xr-x 3/7               0 Aug  4 05:25 1989 jove/doc/
-rw-r--r-- 3/7             715 Mar  7 07:55 1988 jove/doc/example.rc
-rw-r--r-- 3/7           41192 May 16 07:43 1989 jove/doc/jove.1
-rw-r--r-- 3/7           39282 Mar  7 07:55 1988 jove/doc/jove.2
-rw-r--r-- 3/7           13470 Mar  7 07:55 1988 jove/doc/jove.3
-rw-r--r-- 3/7           44236 May 16 07:41 1989 jove/doc/jove.4
-rw-r--r-- 3/7           38704 May 16 07:43 1989 jove/doc/jove.5
-rw-r--r-- 3/7           11791 Apr 14 04:30 1988 jove/doc/jove.nr
-rw-r--r-- 3/7             739 Jul 28 13:34 1989 jove/doc/system.rc
-rw-r--r-- 3/7           39424 Jul 22 05:06 1989 jove/doc/teach-jove
-rw-r--r-- 3/7             726 Mar  7 07:55 1988 jove/doc/teachjove.nr
-rw-r--r-- 3/7             306 Mar  7 07:55 1988 jove/doc/README
-rw-r--r-- 3/7            5757 Mar  7 07:55 1988 jove/doc/jove.qref
-rw-r--r-- 3/7             238 Mar  7 07:55 1988 jove/doc/cmds.doc.nr
-rw-r--r-- 3/7           85504 Aug  4 05:26 1989 jove/doc/cmds.doc
-rw-r--r-- 3/7           23462 May 20 08:02 1989 jove/screen.c
-rw-r--r-- 3/7            6754 May 11 10:21 1989 jove/term.c
-rw-r--r-- 3/7           17120 Oct 11 04:02 1989 jove/util.c
-rw-r--r-- 3/7            4726 Feb 21 05:26 1989 jove/vars.c
-rw-r--r-- 3/7             507 Jul 28 14:09 1989 jove/version.c
-rw-r--r-- 3/7           10345 May  8 07:31 1989 jove/wind.c
-rw-r--r-- 3/7            2398 Feb 21 05:26 1989 jove/getch.c
-rw-r--r-- 3/7           53275 May 20 08:02 1989 jove/mac.c
-rw-r--r-- 3/7            6921 May 20 08:02 1989 jove/pcscr.c
-rw-r--r-- 3/7            1125 Jun 25 03:14 1989 jove/teachjove.c
-rw-r--r-- 3/7           17702 Aug  3 07:42 1989 jove/recover.c
-rw-r--r-- 3/7            3970 May  8 07:31 1989 jove/setmaps.c
-rw-r--r-- 3/7            3417 Jul 28 13:36 1989 jove/portsrv.c
-rw-r--r-- 3/7            1215 Jul 28 13:35 1989 jove/kbd.c
-rw-r--r-- 3/7           26032 Feb 21 05:26 1989 jove/keys.txt
-rw-r--r-- 3/7            2934 May  8 07:31 1989 jove/macvert.c
-rw-r--r-- 3/7            2539 Feb 21 05:26 1989 jove/menumaps.txt
-rw-r--r-- 3/7            1105 Feb 21 05:26 1989 jove/mjovers.Hqx
-rw-r--r-- 3/7           17802 Jun 11 08:05 1990 jove/Makefile
-rw-r--r-- 3/7            1878 May 11 10:19 1989 jove/Makefile.dos
-rw-r--r-- 3/7             868 Feb 21 05:26 1989 jove/tune.dos
-rw-r--r-- 3/7            1085 Jul 22 04:52 1989 jove/tune.template
-rw-r--r-- 3/7            9223 Jul 22 04:53 1989 jove/README
-rw-r--r-- 3/7           11028 Feb 21 05:26 1989 jove/Readme.dos
-rw-r--r-- 3/7           17987 Feb 21 05:26 1989 jove/Readme.mac
-rw-r--r-- 3/7            1061 Jun 11 09:42 1990 jove/MAKELOG
-rw-r--r-- 3/7            5521 Jul 28 13:37 1989 jove/iproc-pipes.c
-rw-r--r-- 3/7            7669 Jun 11 09:45 1990 jove/iproc-ptys.c
-rw-r--r-- 3/7           12398 Nov 20 09:44 1989 jove/keymaps.c
drwxrwxr-x 3/7               0 Jun 25 08:47 1990 kermit/
lrwxrwxr-x 3/7               0 Jul  1 15:44 1990 kermit/ckuker.1 -> ckuker.nr
-r--r--r-- 3/7            3076 Aug 15 04:26 1985 kermit/ckc42.ann
-r--r--r-- 3/7            5207 Aug 15 04:26 1985 kermit/ckc4c.ann
-r--r--r-- 3/7            2603 Aug 15 04:26 1985 kermit/ckcdeb.h
-r--r--r-- 3/7           13990 Aug 15 04:26 1985 kermit/ckcfn2.c
-r--r--r-- 3/7           29102 Aug 15 04:26 1985 kermit/ckcfns.c
-r--r--r-- 3/7            3649 Aug 15 04:26 1985 kermit/ckcker.h
-r--r--r-- 3/7            8345 Aug 15 04:26 1985 kermit/ckcmai.c
-r--r--r-- 3/7            8548 Aug 15 04:26 1985 kermit/ckcpro.w
-r--r--r-- 3/7           26494 Aug 15 04:26 1985 kermit/ckucmd.c
-r-xr-xr-x 3/7           10509 Aug 15 04:26 1985 kermit/README
-r--r--r-- 3/7            2971 Aug 15 04:26 1985 kermit/ckaaaa.hlp
-r--r--r-- 3/7            5310 Aug 15 04:26 1985 kermit/ckc40.ann
-r--r--r-- 3/7            1712 Aug 15 04:26 1985 kermit/ckucmd.h
-r--r--r-- 3/7            7509 Aug 15 04:26 1985 kermit/ckucon.c
-r--r--r-- 3/7           24957 Aug 15 04:26 1985 kermit/ckudia.c
-r--r--r-- 3/7           25103 Aug 15 04:26 1985 kermit/ckufio.c
-r--r--r-- 3/7           16112 Aug 15 04:26 1985 kermit/ckuker.bwr
-r--r--r-- 3/7           92540 Aug 15 04:26 1985 kermit/ckuker.doc
-r--r--r-- 3/7            9125 Aug 15 04:26 1985 kermit/ckuker.mak
-r--r--r-- 3/7           91019 Aug 15 04:26 1985 kermit/ckuker.mss
-r--r--r-- 3/7           14464 Aug 15 04:26 1985 kermit/ckuker.nr
-r--r--r-- 3/7           19463 Aug 15 04:26 1985 kermit/ckuker.upd
-r--r--r-- 3/7            8525 Aug 15 04:26 1985 kermit/ckuscr.c
-r--r--r-- 3/7           46315 Jun 25 08:47 1990 kermit/ckutio.c
-r--r--r-- 3/7           15300 Sep 23 10:41 1988 kermit/ckuus2.c
-r--r--r-- 3/7           21856 Aug 15 04:26 1985 kermit/ckuus3.c
-r--r--r-- 3/7           35644 Apr 15 07:03 1989 kermit/ckuusr.c
-r--r--r-- 3/7            4401 May 12 07:03 1989 kermit/ckuusr.h
-r--r--r-- 3/7            2974 Aug 15 04:26 1985 kermit/ckuv7.hlp
-r--r--r-- 3/7           12548 Sep 23 10:41 1988 kermit/ckwart.c
-r--r--r-- 3/7            4018 Aug 15 04:26 1985 kermit/ckwart.doc
-r--r--r-- 3/7            9759 Jun 25 08:45 1990 kermit/Makefile
-rw-rw-r-- 3/7           16334 Jul 27 06:44 1987 kermit/ckuker.0
-rw-rw-r-- 3/7         1802968 Jul  5 11:15 1990 mh.tar.Z
drwxrwxr-x 3/7               0 Jul  1 15:56 1990 patch/
-r--r--r-- 3/7           21237 Oct 29 04:45 1986 patch/Configure
-r--r--r-- 3/7             241 Oct 29 04:45 1986 patch/EXTERN.h
-r--r--r-- 3/7             239 Oct 29 04:48 1986 patch/INTERN.h
-r--r--r-- 3/7            1196 Oct 29 04:48 1986 patch/MANIFEST
-r--r--r-- 3/7            1954 Oct 29 04:48 1986 patch/Makefile.SH
-r--r--r-- 3/7            3209 Jan 11 07:46 1988 patch/README
-r--r--r-- 3/7            3577 Jan 11 07:48 1988 patch/common.h
-r--r--r-- 3/7             657 Oct 29 04:48 1986 patch/config.H
-r--r--r-- 3/7             654 Jan 11 07:43 1988 patch/filexp
-r--r--r-- 3/7            7942 Oct 29 04:47 1986 patch/inp.c
-r--r--r-- 3/7             473 Oct 29 04:48 1986 patch/inp.h
-r--r--r-- 3/7             238 Jan 11 07:42 1988 patch/myread
-r--r--r-- 3/7              21 Aug  8 06:44 1987 patch/patchlevel.h
-r--r--r-- 3/7           28236 Aug  8 06:44 1987 patch/pch.c
-r--r--r-- 3/7             780 Feb 14 08:48 1987 patch/pch.h
-r--r--r-- 3/7            6900 Oct 29 04:47 1986 patch/util.c
-r--r--r-- 3/7            1972 Oct 29 04:45 1986 patch/util.h
-r--r--r-- 3/7             489 Oct 29 04:48 1986 patch/version.c
-r--r--r-- 3/7             185 Oct 29 04:48 1986 patch/version.h
-r--r--r-- 3/7             395 Jan 11 07:50 1988 patch/config.h
-r--r--r-- 3/7           18407 Feb 19 05:20 1988 patch/patch.c
-r--r--r-- 3/7             118 Jul  1 15:51 1990 patch/Makefile
-r--r--r-- 3/7           13700 Oct 29 04:46 1986 patch/patch.1
-r--r--r-- 3/7            9679 May 30 07:36 1990 patch/patch.n
lrwxrwxr-x 3/7               0 Jul  1 15:56 1990 patch/obj -> /usr/obj/contrib/patch
drwxrwxr-x 3/7               0 Apr  5 04:23 1990 rcs/
drwxrwxr-x 3/7               0 Jun 25 08:55 1990 rcs/src/
-r--r--r-- 3/7            8952 Jun 25 08:55 1990 rcs/src/Makefile
-r--r--r-- 3/7            2074 Feb 28 05:41 1989 rcs/src/READ_ME
-r--r--r-- 3/7           40761 Aug 16 14:31 1989 rcs/src/ci.c
-r--r--r-- 3/7           24085 Aug 16 14:31 1989 rcs/src/co.c
-r--r--r-- 3/7            4592 Aug 16 14:33 1989 rcs/src/curdir.c
-r--r--r-- 3/7            4299 Aug 16 14:33 1989 rcs/src/ident.c
-r--r--r-- 3/7            6772 Aug 16 15:11 1989 rcs/src/maketime.c
-r--r--r-- 3/7             737 Aug 16 14:34 1989 rcs/src/merge.sh
-r--r--r-- 3/7           15266 Aug 16 14:35 1989 rcs/src/partime.c
-r--r--r-- 3/7           52286 Aug 16 15:34 1989 rcs/src/rcs.c
-r--r--r-- 3/7           12911 Aug 16 14:36 1989 rcs/src/rcsbase.h
-r--r--r-- 3/7            6404 Aug 16 14:36 1989 rcs/src/rcsclean.c
-r--r--r-- 3/7            1186 Aug 16 14:36 1989 rcs/src/rcsclean.sh
-r--r--r-- 3/7            7087 Aug 16 14:38 1989 rcs/src/rcsfcmp.c
-r--r--r-- 3/7            3539 Aug 16 14:38 1989 rcs/src/rcsfreeze.sh
-r--r--r-- 3/7            9129 Aug 16 14:39 1989 rcs/src/rcskeep.c
-r--r--r-- 3/7            2557 Aug 16 14:39 1989 rcs/src/rcskeys.c
-r--r--r-- 3/7           23674 Aug 16 14:39 1989 rcs/src/rcslex.c
-r--r--r-- 3/7            7089 Aug 16 14:40 1989 rcs/src/rcsmerge.c
-r--r--r-- 3/7           24101 Aug 16 14:40 1989 rcs/src/rcsrev.c
-r--r--r-- 3/7           17201 Aug 16 14:40 1989 rcs/src/rcssyn.c
-r--r--r-- 3/7           13232 Aug 16 14:40 1989 rcs/src/rcsutil.c
-r--r--r-- 3/7           39305 Aug 16 14:41 1989 rcs/src/rlog.c
-r--r--r-- 3/7            3901 Aug 16 14:41 1989 rcs/src/snoop.c
-r--r--r-- 3/7            1499 Aug 16 14:41 1989 rcs/src/time.h
-r--r--r-- 3/7           18404 Aug 16 14:37 1989 rcs/src/rcsedit.c
-r--r--r-- 3/7           27811 Aug 16 14:38 1989 rcs/src/rcsfnms.c
-r--r--r-- 3/7           12557 Aug 16 14:39 1989 rcs/src/rcsgen.c
-r--r--r-- 3/7            9496 Feb 28 05:45 1989 rcs/src/sccstorcs.c
-r--r--r-- 3/7            9851 Aug 16 14:37 1989 rcs/src/rcsdiff.c
-r--r--r-- 3/7            1167 Aug 16 15:13 1989 rcs/src/localzone.c
drwxrwxr-x 3/7               0 Apr  5 04:23 1990 rcs/man/
-r--r--r-- 3/7            8972 Aug 16 14:23 1989 rcs/man/ci.1
-r--r--r-- 3/7           11639 Aug 16 14:23 1989 rcs/man/co.1
-r--r--r-- 3/7            1628 Aug 16 14:23 1989 rcs/man/ident.1
-r--r--r-- 3/7            1209 Feb 28 06:33 1989 rcs/man/Makefile
-r--r--r-- 3/7            1313 Aug 16 14:23 1989 rcs/man/merge.1
-r--r--r-- 3/7            6514 Aug 16 14:23 1989 rcs/man/rcs.1
-r--r--r-- 3/7            1942 Aug 16 14:23 1989 rcs/man/rcsclean.1
-r--r--r-- 3/7            5487 Aug 16 14:23 1989 rcs/man/rcsfile.5
-r--r--r-- 3/7            1535 Aug 16 14:23 1989 rcs/man/rcsfreeze.1
-r--r--r-- 3/7            9156 Aug 16 14:23 1989 rcs/man/rcsintro.1
-r--r--r-- 3/7            2627 Aug 16 14:23 1989 rcs/man/rcsmerge.1
-r--r--r-- 3/7            4992 Aug 16 14:23 1989 rcs/man/rlog.1
-r--r--r-- 3/7            1524 Feb 28 06:08 1989 rcs/man/sccstorcs.1
-r--r--r-- 3/7            2435 Aug 16 14:24 1989 rcs/man/rcsdiff.1
drwxrwxr-x 3/7               0 Apr  5 04:23 1990 rcs/doc/
-r--r--r-- 3/7           56413 Aug 16 14:28 1989 rcs/doc/rcs.ms
-r--r--r-- 3/7            3683 Aug 16 14:29 1989 rcs/doc/rcs_functs.ms
-r--r--r-- 3/7            1970 Aug 16 14:26 1989 rcs/README
-r--r--r-- 3/7            1052 May 12 07:02 1989 rcs/Makefile
-rw-rw-r-- 3/7             961 Aug 16 14:27 1989 rcs/COPYRIGHT
drwxrwxr-x 3/7               0 Jul  5 11:13 1990 vmsprep/
-r--r--r-- 3/7              42 Jul  1 15:17 1990 vmsprep/OWNER
-r--r--r-- 3/7            2207 Nov  6 09:50 1987 vmsprep/vmsprep.1
-r--r--r-- 3/7            3970 Nov  7 07:26 1987 vmsprep/vmsprep.c
-rw-rw-r-- 3/7              60 Jul  1 15:27 1990 vmsprep/Makefile
lrwxrwxr-x 3/7               0 Jul  1 15:35 1990 vmsprep/obj -> /usr/obj/contrib/vmsprep
-rw-rw-r-- 0/9         5653308 Aug 24 08:07 1990 isode.tar.Z
