-r--r--r-- 3/10           4882 Jul  1 11:11 1988 Makefile
drwxrwxr-x 3/10              0 Jul 17 06:52 1988 bin/
-r--r--r-- 3/10           4342 Jan 11 10:37 1988 bin/df.c
drwxrwxr-x 3/10              0 May  5 05:55 1988 bin/adb/
drwxrwxr-x 3/10              0 May 22 09:18 1988 bin/adb/adb.vax/
-r--r--r-- 3/10           4594 Oct 14 12:37 1984 bin/adb/adb.vax/access.c
-r--r--r-- 3/10           4065 Oct 14 12:37 1984 bin/adb/adb.vax/command.c
-r--r--r-- 3/10           2650 Mar 27 10:28 1986 bin/adb/adb.vax/defs.h
-r--r--r-- 3/10           5906 Apr 25 07:51 1988 bin/adb/adb.vax/format.c
-r--r--r-- 3/10           1129 Aug 12 13:01 1983 bin/adb/adb.vax/input.c
-r--r--r-- 3/10           1199 Aug 12 13:01 1983 bin/adb/adb.vax/message.c
-r--r--r-- 3/10           2101 Aug 12 13:02 1983 bin/adb/adb.vax/pcs.c
-r--r--r-- 3/10          10359 Jan 11 10:40 1988 bin/adb/adb.vax/opset.c
-r--r--r-- 3/10           7047 Jun  2 11:23 1988 bin/adb/adb.vax/output.c
-r--r--r-- 3/10           5778 Apr 26 14:13 1985 bin/adb/adb.vax/runpcs.c
-r--r--r-- 3/10           5118 Aug  7 15:08 1984 bin/adb/adb.vax/expr.c
-r--r--r-- 3/10            379 Aug  7 15:08 1984 bin/adb/adb.vax/head.h
-r--r--r-- 3/10           8949 May  3 08:39 1985 bin/adb/adb.vax/print.c
-r--r--r-- 3/10           8136 Dec 22 07:25 1987 bin/adb/adb.vax/setup.c
-r--r--r-- 3/10           1227 May  6 09:59 1988 bin/adb/adb.vax/Makefile
-r--r--r-- 3/10            667 Sep 10 03:57 1985 bin/adb/adb.vax/mac.h
-r--r--r-- 3/10            854 Oct 28 06:32 1982 bin/adb/adb.vax/machine.h
-r--r--r-- 3/10           2163 Oct 28 07:20 1982 bin/adb/adb.vax/main.c
-r--r--r-- 3/10            792 Mar 23 11:10 1987 bin/adb/adb.vax/mode.h
-r--r--r-- 3/10           2886 Apr 28 11:05 1987 bin/adb/adb.vax/sym.c
-r--r--r-- 3/10           2191 Jan 11 10:40 1988 bin/adb/adb.vax/optab.c
-r--r--r-- 3/10          12959 Oct 28 06:32 1982 bin/adb/adb.vax/instrs
-r--r--r-- 3/10          15862 Jan 17 11:18 1987 bin/adb/adb.vax/instrs.adb
drwxrwxr-x 3/10              0 Jul 17 06:52 1988 bin/adb/adb.tahoe/
-r--r--r-- 3/10           4072 Jul 26 13:56 1986 bin/adb/adb.tahoe/command.c
-r--r--r-- 3/10           2775 Nov 21 11:07 1986 bin/adb/adb.tahoe/defs.h
