drwxrwxr-x 3/10              0 Jul 12 12:19 1988 ./
drwxrwxr-x 3/10              0 Jul 26 03:57 1988 ./GENERIC/
-rw-rw-r-- 3/10           7503 Jun  3 07:17 1988 ./GENERIC/ioconf.c
-rw-rw-r-- 3/10          11260 Jun  3 07:17 1988 ./GENERIC/vbglue.s
-rw-rw-r-- 3/10            106 Jun  3 07:17 1988 ./GENERIC/vbvec.s
lrwxrwxr-x 3/10              0 Jun  1 04:01 1988 ./GENERIC/sys -> ../h
lrwxrwxr-x 3/10              0 Jun  1 04:01 1988 ./GENERIC/machine -> ../tahoe
-rw-rw-r-- 3/10          99346 Jun  3 10:13 1988 ./GENERIC/Makefile
-rw-rw-r-- 3/10             16 Jun  1 04:01 1988 ./GENERIC/loop.h
-rw-rw-r-- 3/10             14 Jun  1 04:01 1988 ./GENERIC/sl.h
-rw-rw-r-- 3/10             15 Jun  1 04:01 1988 ./GENERIC/imp.h
-rw-rw-r-- 3/10             17 Jun  1 04:01 1988 ./GENERIC/ether.h
-rw-rw-r-- 3/10             14 Jun  1 04:01 1988 ./GENERIC/bk.h
-rw-rw-r-- 3/10             15 Jun  1 04:01 1988 ./GENERIC/pty.h
-rw-rw-r-- 3/10             14 Jun  1 04:01 1988 ./GENERIC/tb.h
-rw-rw-r-- 3/10             17 Jun  1 04:01 1988 ./GENERIC/align.h
-rw-rw-r-- 3/10             16 Jun  1 04:01 1988 ./GENERIC/vbsc.h
-rw-rw-r-- 3/10             30 Jun  1 04:01 1988 ./GENERIC/ace.h
-rw-rw-r-- 3/10             30 Jun  1 04:01 1988 ./GENERIC/enp.h
-rw-rw-r-- 3/10             14 Jun  1 04:01 1988 ./GENERIC/hy.h
-rw-rw-r-- 3/10             28 Jun  1 04:01 1988 ./GENERIC/yc.h
-rw-rw-r-- 3/10             29 Jun  1 04:01 1988 ./GENERIC/dr.h
-rw-rw-r-- 3/10             29 Jun  1 04:01 1988 ./GENERIC/ik.h
-rw-rw-r-- 3/10             29 Jun  1 04:01 1988 ./GENERIC/mp.h
-rw-rw-r-- 3/10             15 Jun  1 04:01 1988 ./GENERIC/vba.h
-rw-rw-r-- 3/10             29 Jun  1 04:01 1988 ./GENERIC/dk.h
-rw-rw-r-- 3/10             30 Jun  1 04:01 1988 ./GENERIC/vx.h
-rw-rw-r-- 0/10           1410 Jul 26 03:40 1988 ./GENERIC/assym.s
-rw-rw-r-- 0/10           2179 Jul 26 03:57 1988 ./GENERIC/param.o
-rw-rw-r-- 3/10          54584 Jul 26 03:40 1988 ./GENERIC/locore.c
-rw-rw-r-- 0/10            911 Jul 26 03:41 1988 ./GENERIC/af.o
-rw-rw-r-- 0/10          89308 Jul 26 03:40 1988 ./GENERIC/locore.o
-rw-rw-r-- 0/10            317 Jul 26 03:40 1988 ./GENERIC/kdb_ctype.o
-rw-rw-r-- 0/10           1028 Jul 26 03:40 1988 ./GENERIC/kdb_access.o
-rw-rw-r-- 0/10           4797 Jul 26 03:40 1988 ./GENERIC/kdb_command.o
-rw-rw-r-- 0/10           5302 Jul 26 03:41 1988 ./GENERIC/kdb_expr.o
-rw-rw-r-- 0/10           2529 Jul 26 03:41 1988 ./GENERIC/kdb_input.o
-rw-rw-r-- 0/10           3843 Jul 26 03:41 1988 ./GENERIC/kdb_format.o
-rw-rw-r-- 0/10           1607 Jul 26 03:41 1988 ./GENERIC/kdb_pcs.o
-rw-rw-r-- 0/10            924 Jul 26 03:41 1988 ./GENERIC/kdb_message.o
-rw-rw-r-- 0/10           2754 Jul 26 03:41 1988 ./GENERIC/kdb_output.o
-rw-rw-r-- 0/10           4433 Jul 26 03:41 1988 ./GENERIC/kdb_print.o
-rw-rw-r-- 0/10           1945 Jul 26 03:41 1988 ./GENERIC/kdb_sym.o
-rw-rw-r-- 0/10           2022 Jul 26 03:41 1988 ./GENERIC/kdb_runpcs.o
-rw-rw-r-- 0/10           2131 Jul 26 03:41 1988 ./GENERIC/kdb_trap.o
-rw-rw-r-- 0/10           3133 Jul 26 03:41 1988 ./GENERIC/if.o
-rw-rw-r-- 0/10           3141 Jul 26 03:42 1988 ./GENERIC/route.o
-rw-rw-r-- 0/10           1978 Jul 26 03:42 1988 ./GENERIC/if_loop.o
-rw-rw-r-- 0/10           3190 Jul 26 03:42 1988 ./GENERIC/in.o
-r--r--r-- 3/10           2237 Jun  1 04:21 1988 ./GENERIC/param.c
-rw-rw-r-- 0/10           1721 Jul 26 03:42 1988 ./GENERIC/raw_cb.o
-rw-rw-r-- 0/10           2481 Jul 26 03:44 1988 ./GENERIC/ns.o
-rw-rw-r-- 0/10           2366 Jul 26 03:42 1988 ./GENERIC/raw_usrreq.o
-rw-rw-r-- 0/10           4804 Jul 26 03:42 1988 ./GENERIC/if_ether.o
-rw-rw-r-- 0/10           3333 Jul 26 03:42 1988 ./GENERIC/in_pcb.o
-rw-rw-r-- 0/10           1396 Jul 26 03:42 1988 ./GENERIC/in_proto.o
-rw-rw-r-- 0/10           4206 Jul 26 03:42 1988 ./GENERIC/ip_icmp.o
-rw-rw-r-- 0/10           7863 Jul 26 03:42 1988 ./GENERIC/ip_input.o
-rw-rw-r-- 0/10           3336 Jul 26 03:43 1988 ./GENERIC/ip_output.o
-rw-rw-r-- 0/10           1257 Jul 26 03:43 1988 ./GENERIC/raw_ip.o
-rw-rw-r-- 0/10           3607 Jul 26 03:43 1988 ./GENERIC/tcp_debug.o
-rw-rw-r-- 0/10           7752 Jul 26 03:43 1988 ./GENERIC/tcp_input.o
-rw-rw-r-- 0/10           3222 Jul 26 03:43 1988 ./GENERIC/tcp_output.o
-rw-rw-r-- 0/10           3154 Jul 26 03:43 1988 ./GENERIC/tcp_subr.o
-rw-rw-r-- 0/10           2402 Jul 26 03:43 1988 ./GENERIC/tcp_timer.o
-rw-rw-r-- 0/10           3814 Jul 26 03:43 1988 ./GENERIC/tcp_usrreq.o
-rw-rw-r-- 0/10           3515 Jul 26 03:44 1988 ./GENERIC/udp_usrreq.o
-rw-rw-r-- 0/10           3830 Jul 26 03:44 1988 ./GENERIC/idp_usrreq.o
-rw-rw-r-- 0/10             36 Jul 26 03:44 1988 ./GENERIC/ns_ip.o
-rw-rw-r-- 0/10           2747 Jul 26 03:44 1988 ./GENERIC/ns_error.o
-rw-rw-r-- 0/10          12551 Jul 26 03:48 1988 ./GENERIC/tty.o
-rw-rw-r-- 0/10           5737 Jul 26 03:44 1988 ./GENERIC/ns_input.o
-rw-rw-r-- 0/10           1341 Jul 26 03:44 1988 ./GENERIC/ns_output.o
-rw-rw-r-- 0/10           3363 Jul 26 03:44 1988 ./GENERIC/ns_pcb.o
-rw-rw-r-- 0/10           1324 Jul 26 03:44 1988 ./GENERIC/ns_proto.o
-rw-rw-r-- 0/10           3463 Jul 26 03:44 1988 ./GENERIC/spp_debug.o
-rw-rw-r-- 0/10           6170 Jul 26 03:45 1988 ./GENERIC/init_main.o
-rw-rw-r-- 0/10          11708 Jul 26 03:45 1988 ./GENERIC/spp_usrreq.o
-rw-rw-r-- 0/10           2857 Jul 26 03:45 1988 ./GENERIC/kern_acct.o
-rw-rw-r-- 0/10           5474 Jul 26 03:45 1988 ./GENERIC/init_sysent.o
-rw-rw-r-- 0/10           6763 Jul 26 03:45 1988 ./GENERIC/kern_exec.o
-rw-rw-r-- 0/10           4433 Jul 26 03:45 1988 ./GENERIC/kern_clock.o
-rw-rw-r-- 0/10           4598 Jul 26 03:45 1988 ./GENERIC/kern_descrip.o
-rw-rw-r-- 0/10           4942 Jul 26 03:46 1988 ./GENERIC/kern_exit.o
-rw-rw-r-- 0/10           4655 Jul 26 03:46 1988 ./GENERIC/kern_fork.o
-rw-rw-r-- 0/10           4138 Jul 26 03:46 1988 ./GENERIC/kern_mman.o
-rw-rw-r-- 0/10           3450 Jul 26 03:46 1988 ./GENERIC/kern_malloc.o
-rw-rw-r-- 0/10           2866 Jul 26 03:46 1988 ./GENERIC/kern_proc.o
-rw-rw-r-- 0/10           3697 Jul 26 03:46 1988 ./GENERIC/kern_prot.o
-rw-rw-r-- 0/10           6850 Jul 26 03:46 1988 ./GENERIC/kern_sig.o
-rw-rw-r-- 0/10           2216 Jul 26 03:46 1988 ./GENERIC/kern_resource.o
-rw-rw-r-- 0/10           1461 Jul 26 03:46 1988 ./GENERIC/kern_subr.o
-rw-rw-r-- 0/10           3579 Jul 26 03:47 1988 ./GENERIC/kern_time.o
-rw-rw-r-- 0/10           4882 Jul 26 03:46 1988 ./GENERIC/kern_synch.o
-rw-rw-r-- 0/10           1782 Jul 26 03:47 1988 ./GENERIC/kern_xxx.o
-rw-rw-r-- 0/10           4019 Jul 26 03:47 1988 ./GENERIC/quota_sys.o
-rw-rw-r-- 0/10           5282 Jul 26 03:47 1988 ./GENERIC/quota_kern.o
-rw-rw-r-- 0/10           2213 Jul 26 03:47 1988 ./GENERIC/quota_subr.o
-rw-rw-r-- 0/10           2952 Jul 26 03:47 1988 ./GENERIC/quota_ufs.o
-rw-rw-r-- 0/10           1955 Jul 26 03:47 1988 ./GENERIC/subr_log.o
-rw-rw-r-- 0/10           4452 Jul 26 03:47 1988 ./GENERIC/subr_prf.o
-rw-rw-r-- 0/10           2574 Jul 26 03:47 1988 ./GENERIC/subr_rmap.o
-rw-rw-r-- 0/10            262 Jul 26 03:47 1988 ./GENERIC/subr_xxx.o
-rw-rw-r-- 0/10           6639 Jul 26 03:48 1988 ./GENERIC/sys_inode.o
-rw-rw-r-- 0/10           5075 Jul 26 03:47 1988 ./GENERIC/sys_generic.o
-rw-rw-r-- 0/10           6195 Jul 26 03:52 1988 ./GENERIC/vm_pt.o
-rw-rw-r-- 0/10           3895 Jul 26 03:48 1988 ./GENERIC/sys_process.o
-rw-rw-r-- 0/10           1979 Jul 26 03:48 1988 ./GENERIC/sys_socket.o
-rw-rw-r-- 0/10           1756 Jul 26 03:48 1988 ./GENERIC/tty_conf.o
-rw-rw-r-- 0/10           5667 Jul 26 03:48 1988 ./GENERIC/tty_pty.o
-rw-rw-r-- 0/10           3234 Jul 26 03:48 1988 ./GENERIC/tty_subr.o
-rw-rw-r-- 0/10           1703 Jul 26 03:48 1988 ./GENERIC/tty_tty.o
-rw-rw-r-- 0/10          12789 Jul 26 03:49 1988 ./GENERIC/ufs_alloc.o
-rw-rw-r-- 0/10           5975 Jul 26 03:49 1988 ./GENERIC/ufs_bio.o
-rw-rw-r-- 0/10           2824 Jul 26 03:49 1988 ./GENERIC/ufs_bmap.o
-rw-rw-r-- 0/10           3072 Jul 26 03:49 1988 ./GENERIC/ufs_disksubr.o
-rw-rw-r-- 0/10           1801 Jul 26 03:49 1988 ./GENERIC/ufs_fio.o
-rw-rw-r-- 0/10           6257 Jul 26 03:49 1988 ./GENERIC/ufs_inode.o
-rw-rw-r-- 0/10           4220 Jul 26 03:49 1988 ./GENERIC/ufs_mount.o
-rw-rw-r-- 0/10           8411 Jul 26 03:50 1988 ./GENERIC/ufs_namei.o
-rw-rw-r-- 0/10           4468 Jul 26 03:50 1988 ./GENERIC/ufs_subr.o
-rw-rw-r-- 0/10          12007 Jul 26 03:50 1988 ./GENERIC/ufs_syscalls.o
-rw-rw-r-- 0/10            795 Jul 26 03:50 1988 ./GENERIC/ufs_tables.o
-rw-rw-r-- 0/10           1103 Jul 26 03:50 1988 ./GENERIC/ufs_xxx.o
-rw-rw-r-- 0/10           1338 Jul 26 03:50 1988 ./GENERIC/uipc_domain.o
-rw-rw-r-- 0/10           5770 Jul 26 03:50 1988 ./GENERIC/uipc_mbuf.o
-rw-rw-r-- 0/10            691 Jul 26 03:50 1988 ./GENERIC/uipc_proto.o
-rw-rw-r-- 0/10           7608 Jul 26 03:50 1988 ./GENERIC/uipc_socket.o
-rw-rw-r-- 0/10           6330 Jul 26 03:51 1988 ./GENERIC/uipc_socket2.o
-rw-rw-r-- 0/10           7716 Jul 26 03:51 1988 ./GENERIC/uipc_syscalls.o
-rw-rw-r-- 0/10           5857 Jul 26 03:51 1988 ./GENERIC/uipc_usrreq.o
-rw-rw-r-- 0/10           4698 Jul 26 03:51 1988 ./GENERIC/vm_drum.o
-rw-rw-r-- 0/10           7372 Jul 26 03:51 1988 ./GENERIC/vm_mem.o
-rw-rw-r-- 0/10            975 Jul 26 03:51 1988 ./GENERIC/vm_mon.o
-rw-rw-r-- 0/10          12903 Jul 26 03:51 1988 ./GENERIC/vm_page.o
-rw-rw-r-- 0/10           5017 Jul 26 03:52 1988 ./GENERIC/vm_proc.o
-rw-rw-r-- 0/10           2692 Jul 26 03:52 1988 ./GENERIC/vm_sw.o
-rw-rw-r-- 0/10           5772 Jul 26 03:52 1988 ./GENERIC/vm_sched.o
-rw-rw-r-- 0/10           2568 Jul 26 03:52 1988 ./GENERIC/vm_subr.o
-rw-rw-r-- 0/10           5558 Jul 26 03:53 1988 ./GENERIC/conf.o
-rw-rw-r-- 0/10           4820 Jul 26 03:52 1988 ./GENERIC/vm_swap.o
-rw-rw-r-- 0/10           4469 Jul 26 03:52 1988 ./GENERIC/vm_swp.o
-rw-rw-r-- 0/10           5904 Jul 26 03:52 1988 ./GENERIC/vm_text.o
-rw-rw-r-- 0/10           6347 Jul 26 03:53 1988 ./GENERIC/autoconf.o
-rw-rw-r-- 0/10           6109 Jul 26 03:53 1988 ./GENERIC/cons.o
-rw-rw-r-- 0/10           1216 Jul 26 03:53 1988 ./GENERIC/clock.o
-rw-rw-r-- 0/10           2728 Jul 26 03:53 1988 ./GENERIC/mem.o
-rw-rw-r-- 0/10           4384 Jul 26 03:53 1988 ./GENERIC/kdb_machdep.o
-rw-rw-r-- 0/10           8360 Jul 26 03:53 1988 ./GENERIC/kdb_opset.o
-rw-rw-r-- 0/10            702 Jul 26 03:53 1988 ./GENERIC/in_cksum.o
-rw-rw-r-- 0/10           9957 Jul 26 03:53 1988 ./GENERIC/machdep.o
-rw-rw-r-- 0/10           7821 Jul 26 03:54 1988 ./GENERIC/trap.o
-rw-rw-r-- 0/10           1454 Jul 26 03:53 1988 ./GENERIC/ns_cksum.o
-rw-rw-r-- 0/10             97 Jul 26 03:54 1988 ./GENERIC/udiv.o
-rw-rw-r-- 0/10           1351 Jul 26 03:54 1988 ./GENERIC/sys_machdep.o
-rw-rw-r-- 0/10           2255 Jul 26 03:54 1988 ./GENERIC/ufs_machdep.o
-rw-rw-r-- 0/10           4909 Jul 26 03:54 1988 ./GENERIC/vm_machdep.o
-rw-rw-r-- 0/10            159 Jul 26 03:54 1988 ./GENERIC/urem.o
-rw-rw-r-- 0/10           2290 Jul 26 03:55 1988 ./GENERIC/fpe.o
-rw-rw-r-- 0/10           7577 Jul 26 03:54 1988 ./GENERIC/if_ace.o
-rw-rw-r-- 0/10           7309 Jul 26 03:54 1988 ./GENERIC/if_enp.o
-rw-rw-r-- 0/10            691 Jul 26 03:55 1988 ./GENERIC/Kaddd.o
-rw-rw-r-- 0/10            687 Jul 26 03:55 1988 ./GENERIC/Kaddf.o
-rw-rw-r-- 0/10            470 Jul 26 03:55 1988 ./GENERIC/Kdivd.o
-rw-rw-r-- 0/10           1218 Jul 26 03:55 1988 ./GENERIC/Katanf.o
-rw-rw-r-- 0/10            303 Jul 26 03:55 1988 ./GENERIC/Kcvtld.o
-rw-rw-r-- 0/10            299 Jul 26 03:55 1988 ./GENERIC/Kcvtlf.o
-rw-rw-r-- 0/10            394 Jul 26 03:55 1988 ./GENERIC/Kdivf.o
-rw-rw-r-- 0/10           1347 Jul 26 03:55 1988 ./GENERIC/Kexpf.o
-rw-rw-r-- 0/10           1119 Jul 26 03:55 1988 ./GENERIC/Klogf.o
-rw-rw-r-- 0/10            371 Jul 26 03:55 1988 ./GENERIC/Kfnorm.o
-rw-rw-r-- 0/10            132 Jul 26 03:55 1988 ./GENERIC/Kfp_exp.o
-rw-rw-r-- 0/10            388 Jul 26 03:55 1988 ./GENERIC/Kfrexpf.o
-rw-rw-r-- 0/10            104 Jul 26 03:55 1988 ./GENERIC/Kfp_mvtoacc.o
-rw-rw-r-- 0/10            292 Jul 26 03:55 1988 ./GENERIC/Kldexpf.o
-rw-rw-r-- 0/10            485 Jul 26 03:55 1988 ./GENERIC/Kmodf.o
-rw-rw-r-- 0/10            525 Jul 26 03:55 1988 ./GENERIC/Kmuld.o
-rw-rw-r-- 0/10            481 Jul 26 03:55 1988 ./GENERIC/Kmulf.o
-rw-rw-r-- 0/10            172 Jul 26 03:55 1988 ./GENERIC/Ksubd.o
-rw-rw-r-- 0/10            298 Jul 26 03:55 1988 ./GENERIC/Ksfnorm.o
-rw-rw-r-- 0/10            135 Jul 26 03:55 1988 ./GENERIC/Ksfp_exp.o
-rw-rw-r-- 0/10           1309 Jul 26 03:55 1988 ./GENERIC/Ksinfcosf.o
-rw-rw-r-- 0/10            851 Jul 26 03:55 1988 ./GENERIC/Ksqrtf.o
-rw-rw-r-- 0/10            172 Jul 26 03:55 1988 ./GENERIC/Ksubf.o
-rw-rw-r-- 0/10          12217 Jul 26 03:55 1988 ./GENERIC/cy.o
-rw-rw-r-- 0/10           7838 Jul 26 03:55 1988 ./GENERIC/dr.o
-rw-rw-r-- 3/10              2 Jul 26 03:57 1988 ./GENERIC/version
-rw-rw-r-- 0/10           6471 Jul 26 03:56 1988 ./GENERIC/ik.o
-rw-rw-r-- 0/10          12479 Jul 26 03:56 1988 ./GENERIC/mp.o
-rw-rw-r-- 3/10            237 Jul 26 03:57 1988 ./GENERIC/vers.c
-rw-rw-r-- 0/10           3756 Jul 26 03:56 1988 ./GENERIC/vba.o
-rw-rw-r-- 0/10          15420 Jul 26 03:56 1988 ./GENERIC/vd.o
-rw-rw-r-- 0/10          11129 Jul 26 03:57 1988 ./GENERIC/vx.o
-rw-rw-r-- 0/10           6935 Jul 26 03:57 1988 ./GENERIC/ioconf.o
-rw-rw-r-- 0/10            275 Jul 26 03:57 1988 ./GENERIC/vers.o
-rw-rw-r-- 0/10           2816 Jul 26 03:57 1988 ./GENERIC/swapgeneric.o
-rwxr-xr-x 0/10         382976 Jul 26 03:57 1988 ./GENERIC/vmunix
lrwxrwxr-x 3/10              0 Jan  8 06:00 1988 ./machine -> tahoe
drwxrwxr-x 3/10              0 Jun  1 02:08 1988 ./cassette/
-rw-r--r-- 3/10            102 May  1 10:48 1983 ./cassette/hkmboo.cmd
-rw-r--r-- 3/10            114 May  1 10:48 1983 ./cassette/hksboo.cmd
-rw-r--r-- 3/10            102 May  1 10:48 1983 ./cassette/ramboo.cmd
-rw-r--r-- 3/10            127 May  1 10:48 1983 ./cassette/anyboo.cmd
-rw-r--r-- 3/10            154 May  1 10:48 1983 ./cassette/defboo.hk
-rw-r--r-- 3/10            154 May  1 10:48 1983 ./cassette/defboo.ra
-rw-r--r-- 3/10            154 May  1 10:48 1983 ./cassette/defboo.up
-rw-r--r-- 3/10            155 May  1 10:48 1983 ./cassette/defboo.rb
-rw-r--r-- 3/10            103 May  1 10:48 1983 ./cassette/rbmboo.cmd
-rw-r--r-- 3/10             49 May  1 10:48 1983 ./cassette/restar.cmd
-rw-r--r-- 3/10            102 May  1 10:48 1983 ./cassette/upmboo.cmd
-rw-r--r-- 3/10            114 May  1 10:48 1983 ./cassette/upsboo.cmd
-rw-r--r-- 3/10            115 May  1 10:48 1983 ./cassette/rbsboo.cmd
-rw-r--r-- 3/10            114 May  1 10:48 1983 ./cassette/rasboo.cmd
-rw-r--r-- 3/10            156 Jun 17 11:42 1983 ./cassette/defboo.rl
-rw-r--r-- 3/10            115 Sep 26 07:09 1983 ./cassette/rlsboo.cmd
-r--r--r-- 3/10           1919 Jun  5 18:56 1986 ./cassette/Makefile
-rw-r--r-- 3/10           1713 Aug 11 10:18 1983 ./cassette/update.out
-rw-r--r-- 3/10            155 Aug 25 06:08 1983 ./cassette/cassette.out
-rw-r--r-- 3/10            155 Aug 25 06:13 1983 ./cassette/cassette.out1
drwxrwxr-x 3/10              0 Oct  8 17:37 1984 ./cassette/fromdec/
-rw-r--r-- 3/10          21504 Oct  8 17:28 1984 ./cassette/fromdec/basic.cpu
-rw-r--r-- 3/10           2560 Oct  8 17:28 1984 ./cassette/fromdec/bitfld.cpu
-rw-r--r-- 3/10           4096 Oct  8 17:28 1984 ./cassette/fromdec/cm.cpu
-rw-r--r-- 3/10            512 Oct  8 17:28 1984 ./cassette/fromdec/code00.cmd
-rw-r--r-- 3/10            512 Oct  8 17:28 1984 ./cassette/fromdec/code01.cmd
-rw-r--r-- 3/10            512 Oct  8 17:28 1984 ./cassette/fromdec/code02.cmd
-rw-r--r-- 3/10            512 Oct  8 17:28 1984 ./cassette/fromdec/code03.cmd
-rw-r--r-- 3/10           6656 Oct  8 17:29 1984 ./cassette/fromdec/consle.cpu
-rw-r--r-- 3/10          13824 Oct  8 17:29 1984 ./cassette/fromdec/consol.exe
-rw-r--r-- 3/10            512 Oct  8 17:29 1984 ./cassette/fromdec/crash
-rw-r--r-- 3/10            512 Oct  8 17:29 1984 ./cassette/fromdec/du0gen
-rw-r--r-- 3/10            512 Oct  8 17:29 1984 ./cassette/fromdec/du0xdt
-rw-r--r-- 3/10           1536 Oct  8 17:29 1984 ./cassette/fromdec/evkaz.exe
-rw-r--r-- 3/10           4096 Oct  8 17:29 1984 ./cassette/fromdec/exer27.cpu
-rw-r--r-- 3/10          10240 Oct  8 17:31 1984 ./cassette/fromdec/floppy
-rw-r--r-- 3/10           9728 Oct  8 17:31 1984 ./cassette/fromdec/fp.cpu
-rw-r--r-- 3/10           9728 Oct  8 17:31 1984 ./cassette/fromdec/fpsp.cpu
-rw-r--r-- 3/10           3584 Oct  8 17:31 1984 ./cassette/fromdec/idc.cpu
-rw-r--r-- 3/10          21504 Oct  8 17:33 1984 ./cassette/fromdec/irdfpa.cpu
-rw-r--r-- 3/10           6144 Oct  8 17:34 1984 ./cassette/fromdec/mmie.cpu
-rw-r--r-- 3/10            512 Oct  8 17:34 1984 ./cassette/fromdec/power.cmd
-rw-r--r-- 3/10           2560 Oct  8 17:34 1984 ./cassette/fromdec/power.cpu
-rw-r--r-- 3/10           4096 Oct  8 17:34 1984 ./cassette/fromdec/queue.cpu
-rw-r--r-- 3/10          19456 Oct  8 17:35 1984 ./cassette/fromdec/boot
-rw-r--r-- 3/10            512 Oct  8 17:35 1984 ./cassette/fromdec/defboo.cmd
-rw-r--r-- 3/10            512 Oct  8 17:35 1984 ./cassette/fromdec/anyboo.cmd
-rw-r--r-- 3/10            512 Oct  8 17:35 1984 ./cassette/fromdec/restar.cmd
-rw-r--r-- 3/10            512 Oct  8 17:35 1984 ./cassette/fromdec/defboo.rb
-rw-r--r-- 3/10            512 Oct  8 17:35 1984 ./cassette/fromdec/defboo.rl
-rw-r--r-- 3/10            512 Oct  8 17:35 1984 ./cassette/fromdec/defboo.hk
-rw-r--r-- 3/10            512 Oct  8 17:35 1984 ./cassette/fromdec/defboo.up
-rw-r--r-- 3/10            512 Oct  8 17:35 1984 ./cassette/fromdec/defboo.ra
-rw-r--r-- 3/10            512 Oct  8 17:35 1984 ./cassette/fromdec/rbmboo.cmd
-rw-r--r-- 3/10            512 Oct  8 17:35 1984 ./cassette/fromdec/rbsboo.cmd
-rw-r--r-- 3/10            512 Oct  8 17:35 1984 ./cassette/fromdec/rlsboo.cmd
-rw-r--r-- 3/10            512 Oct  8 17:35 1984 ./cassette/fromdec/hkmboo.cmd
-rw-r--r-- 3/10            512 Oct  8 17:35 1984 ./cassette/fromdec/hksboo.cmd
-rw-r--r-- 3/10            512 Oct  8 17:35 1984 ./cassette/fromdec/upmboo.cmd
-rw-r--r-- 3/10            512 Oct  8 17:35 1984 ./cassette/fromdec/upsboo.cmd
-rw-r--r-- 3/10            512 Oct  8 17:35 1984 ./cassette/fromdec/ramboo.cmd
-rw-r--r-- 3/10            512 Oct  8 17:35 1984 ./cassette/fromdec/rasboo.cmd
-rw-r--r-- 3/10          17408 Oct  8 17:36 1984 ./cassette/fromdec/format
-rw-r--r-- 3/10          23040 Oct  8 17:37 1984 ./cassette/fromdec/copy
-rw-r--r-- 3/10          11264 Oct  8 17:39 1984 ./cassette/fromdec/drtest
drwxrwxr-x 3/10              0 Jun  1 02:57 1988 ./conf/
-r--r--r-- 3/10           3222 May 22 09:36 1988 ./conf/files
-rw-r--r-- 3/10           3266 May 27 06:39 1988 ./conf/files.vax
-r--r--r-- 3/10            583 Jun  5 18:47 1986 ./conf/newvers.sh
-rw-rw-r-- 3/10            766 May 22 09:42 1988 ./conf/CALDER
lrwxrwxr-x 3/10              0 Jun  1 02:57 1988 ./conf/LINT -> LINT.tahoe
-r--r--r-- 3/10           2237 Dec  7 17:34 1986 ./conf/param.c
-rw-r--r-- 3/10            333 May 18 20:10 1983 ./conf/defines
-r--r--r-- 3/10           4387 Oct 23 14:20 1987 ./conf/Makefile.vax
lrwxrwxr-x 3/10              0 May 22 09:32 1988 ./conf/GENERIC -> GENERIC.tahoe
-rw-rw-r-- 3/10            654 Sep 19 03:53 1985 ./conf/ANSEL
-rw-rw-r-- 3/10           3568 May 25 04:02 1988 ./conf/GENERIC.allvax
-rw-rw-r-- 3/10            653 May 22 06:45 1988 ./conf/MICROVAXII
-r--r--r-- 3/10             50 Jun  7 05:16 1988 ./conf/devices.vax
-r--r--r-- 3/10           3552 Oct 23 14:20 1987 ./conf/Makefile.tahoe
-rw-r--r-- 3/10              5 Jun 29 03:25 1986 ./conf/devices.tahoe
-r--r--r-- 3/10           5432 May 22 11:14 1988 ./conf/files.tahoe
-rw-rw-r-- 3/10           3348 May 25 04:02 1988 ./conf/GENERIC.vax
-rw-rw-r-- 3/10           2590 Jun  3 07:16 1988 ./conf/GENERIC.tahoe
-rw-rw-r-- 3/10           1182 May  2 12:03 1988 ./conf/OKEEFFE
-rw-r--r-- 3/10            918 Nov 11 16:07 1986 ./conf/KDB
-rw-rw-r-- 3/10           4382 May 25 04:29 1988 ./conf/LINT.vax
-rw-rw-r-- 3/10           2579 May 26 05:00 1988 ./conf/LINT.tahoe
drwxrwxr-x 3/10              0 Nov 25 09:37 1987 ./consolerl/
-rw-rw-r-- 3/10            595 Oct  4 16:49 1985 ./consolerl/anyboo.com
-rw-r--r-- 3/10            585 Aug 10 08:32 1985 ./consolerl/hkmboo.com
-rw-r--r-- 3/10            587 Aug 10 08:32 1985 ./consolerl/hksboo.com
-rw-r--r-- 3/10            585 Aug 10 08:32 1985 ./consolerl/hpmboo.com
-rw-r--r-- 3/10            587 Aug 10 08:32 1985 ./consolerl/hpsboo.com
-rw-r--r-- 3/10            595 Aug 10 08:32 1985 ./consolerl/ramboo.com
-rw-r--r-- 3/10            597 Aug 10 08:32 1985 ./consolerl/rasboo.com
-rw-r--r-- 3/10            585 Aug 10 08:32 1985 ./consolerl/upmboo.com
-rw-r--r-- 3/10            587 Aug 10 08:32 1985 ./consolerl/upsboo.com
-r--r--r-- 3/10            850 Jun  5 18:57 1986 ./consolerl/Makefile
-rw-r--r-- 3/10            585 Aug 10 08:57 1985 ./consolerl/defboo.hk
-rw-r--r-- 3/10            585 Aug 10 08:57 1985 ./consolerl/defboo.hp
-rw-r--r-- 3/10            585 Aug 10 08:57 1985 ./consolerl/defboo.up
-rw-r--r-- 3/10            595 Aug 10 08:57 1985 ./consolerl/defboo.ra
drwxrwxr-x 3/10              0 Jul 15 08:24 1988 ./floppy/
-rw-r--r-- 3/10            209 Feb 13 11:56 1983 ./floppy/anyboo.cmd
-r--r--r-- 3/10           1283 Jun  5 19:00 1986 ./floppy/Makefile
-rw-r--r-- 3/10            278 Sep 26 06:37 1983 ./floppy/defboo.hk
-rw-r--r-- 3/10            278 Sep 26 06:37 1983 ./floppy/defboo.hp
-rw-r--r-- 3/10            278 Sep 26 06:38 1983 ./floppy/defboo.up
-rw-r--r-- 3/10            278 Sep 26 06:35 1983 ./floppy/defboo.ra
-rw-r--r-- 3/10            175 Feb 13 11:56 1983 ./floppy/hpmboo.cmd
-rw-r--r-- 3/10            179 Feb 13 11:56 1983 ./floppy/hpsboo.cmd
-rw-r--r-- 3/10            175 Sep 26 06:43 1983 ./floppy/ramboo.cmd
-rw-r--r-- 3/10            179 Sep 26 06:43 1983 ./floppy/rasboo.cmd
-rw-r--r-- 3/10            270 Aug  2 09:20 1983 ./floppy/restar.cmd
-rw-r--r-- 3/10            175 Feb 13 11:56 1983 ./floppy/upmboo.cmd
-rw-r--r-- 3/10            179 Feb 13 11:56 1983 ./floppy/upsboo.cmd
-rw-r--r-- 3/10            281 Mar  7 11:41 1983 ./floppy/utboot.cmd
-rw-r--r-- 3/10            175 Sep 26 06:42 1983 ./floppy/hkmboo.cmd
-rw-r--r-- 3/10            179 Sep 26 06:42 1983 ./floppy/hksboo.cmd
-rw-r--r-- 3/10            286 Jul 15 08:24 1988 ./floppy/defboo.kra
-rw-rw-r-- 3/10            512 May 22 07:35 1985 ./floppy/defboo.MS780C-interleaved
drwxrwxr-x 3/10              0 May 25 04:42 1988 ./h/
-r--r--r-- 3/10           1390 Jun  5 16:19 1986 ./h/acct.h
-r--r--r-- 3/10           6519 May 15 04:25 1988 ./h/buf.h
-r--r--r-- 3/10            716 Jun  5 16:20 1986 ./h/callout.h
-r--r--r-- 3/10            601 May 15 04:23 1988 ./h/vm.h
-r--r--r-- 3/10           5485 Jun  6 10:52 1987 ./h/param.h
-r--r--r-- 3/10           2674 Jun  5 16:29 1986 ./h/trace.h
-r--r--r-- 3/10           4474 Jun  5 16:31 1986 ./h/user.h
-r--r--r-- 3/10           2567 Jun  5 16:20 1986 ./h/cmap.h
-r--r--r-- 3/10            460 Jun  5 16:20 1986 ./h/clist.h
-r--r--r-- 3/10          11488 May  7 04:55 1988 ./h/ioctl.h
-r--r--r-- 3/10           1379 May 15 04:25 1988 ./h/conf.h
-r--r--r-- 3/10           3266 Dec 23 06:41 1986 ./h/dir.h
-r--r--r-- 3/10           2091 May 27 02:02 1988 ./h/systm.h
-r--r--r-- 3/10           7869 Jun 28 11:54 1988 ./h/protosw.h
-r--r--r-- 3/10           3180 Jun  5 16:22 1986 ./h/file.h
-r--r--r-- 3/10           1553 Jun  5 16:21 1986 ./h/dkbad.h
-r--r--r-- 3/10            865 Jun  5 16:21 1986 ./h/dmap.h
-r--r--r-- 3/10            829 Jun  5 16:22 1986 ./h/exec.h
-r--r--r-- 3/10           6079 Oct 14 13:59 1986 ./h/inode.h
-r--r--r-- 3/10           1288 Jun 28 11:53 1988 ./h/domain.h
-r--r--r-- 3/10           5652 Jul 17 07:05 1988 ./h/socketvar.h
-r--r--r-- 3/10           1052 Jun 28 11:54 1988 ./h/un.h
-r--r--r-- 3/10           5124 Dec 19 15:44 1986 ./h/proc.h
-r--r--r-- 3/10            451 Jun  5 16:25 1986 ./h/msgbuf.h
-r--r--r-- 3/10           3859 Jun  5 16:22 1986 ./h/errno.h
-r--r--r-- 3/10          17232 Jun 28 11:51 1988 ./h/fs.h
-r--r--r-- 3/10           2228 Jun  5 16:23 1986 ./h/gprof.h
-r--r--r-- 3/10            721 Jun  5 16:24 1986 ./h/kernel.h
-r--r--r-- 3/10           1865 Oct  1 03:47 1987 ./h/map.h
-r--r--r-- 3/10           5384 Apr 24 15:51 1988 ./h/mbuf.h
-r--r--r-- 3/10            909 Jun  5 16:25 1986 ./h/mman.h
-r--r--r-- 3/10            600 Jun 22 08:27 1987 ./h/mount.h
-r--r--r-- 3/10           2348 Dec 19 06:35 1987 ./h/mtio.h
-r--r--r-- 3/10           3458 May 15 04:24 1988 ./h/signal.h
-r--r--r-- 3/10           5732 Jun 28 11:55 1988 ./h/quota.h
-r--r--r-- 3/10           2942 Jun 28 11:43 1988 ./h/reboot.h
-r--r--r-- 3/10           1751 Jun  5 16:27 1986 ./h/resource.h
-r--r--r-- 3/10            335 Jun  5 16:27 1986 ./h/seg.h
-r--r--r-- 3/10           4909 Jul 17 07:04 1988 ./h/socket.h
-r--r--r-- 3/10           2068 Jun 21 07:24 1987 ./h/types.h
-r--r--r-- 3/10           1198 Jun  5 16:28 1986 ./h/stat.h
-r--r--r-- 3/10            672 Jun  5 16:30 1986 ./h/uio.h
-r--r--r-- 3/10           2031 Oct 14 15:04 1986 ./h/text.h
-r--r--r-- 3/10           1484 Jun  5 16:29 1986 ./h/time.h
-r--r--r-- 3/10            380 Jun  5 16:29 1986 ./h/timeb.h
-r--r--r-- 3/10            466 Jun  5 16:29 1986 ./h/times.h
-r--r--r-- 3/10           2779 Jan  6 11:42 1988 ./h/namei.h
-r--r--r-- 3/10           1355 May  7 08:06 1988 ./h/ttychars.h
-r--r--r-- 3/10            736 Oct 14 15:07 1986 ./h/ttydev.h
lrwxrwxr-x 3/10              0 May 25 04:42 1988 ./h/tags -> ../machine/tags
-r--r--r-- 3/10           2495 Jun 28 11:51 1988 ./h/unpcb.h
-r--r--r-- 3/10           4412 Mar 13 14:34 1987 ./h/tty.h
-r--r--r-- 3/10           3880 Dec 19 06:35 1987 ./h/vsio.h
-r--r--r-- 3/10            661 Mar 13 14:34 1987 ./h/vadvise.h
-r--r--r-- 3/10           5527 Nov 13 09:51 1987 ./h/vmmac.h
-r--r--r-- 3/10           3004 Jan 28 12:14 1988 ./h/wait.h
-r--r--r-- 3/10           3438 Oct 14 16:01 1986 ./h/vmmeter.h
-r--r--r-- 3/10            472 Dec 19 06:35 1987 ./h/vcmd.h
-r--r--r-- 3/10            677 Jun  5 16:19 1986 ./h/bkmac.h
-r--r--r-- 3/10            707 Mar 13 14:34 1987 ./h/vlimit.h
-r--r--r-- 3/10           1664 Jun  5 16:32 1986 ./h/vmsystm.h
-r--r--r-- 3/10            995 Jun  5 16:33 1986 ./h/vtimes.h
-r--r--r-- 3/10           3420 Jun 28 11:42 1988 ./h/syslog.h
-r--r--r-- 3/10           2213 Dec 19 06:35 1987 ./h/tablet.h
-r--r--r-- 3/10           8964 Jun 28 11:41 1988 ./h/disklabel.h
-r--r--r-- 3/10            837 Jun  5 16:26 1986 ./h/ptrace.h
-r--r--r-- 3/10            503 May 15 04:23 1988 ./h/vmparam.h
-r--r--r-- 3/10           3813 Oct 14 14:48 1986 ./h/syscall.h
-r--r--r-- 3/10            613 May 22 06:52 1988 ./h/dkstat.h
-r--r--r-- 3/10           5557 Jun 28 11:42 1988 ./h/malloc.h
drwxrwxr-x 3/10              0 May 12 08:35 1987 ./kdb/
-r--r--r-- 3/10           2005 Dec 16 15:26 1986 ./kdb/defs.h
-r--r--r-- 3/10            829 Dec 16 15:26 1986 ./kdb/kdb_access.c
-r--r--r-- 3/10           3251 Dec 16 15:26 1986 ./kdb/kdb_command.c
-r--r--r-- 3/10            874 Dec 16 15:26 1986 ./kdb/kdb_ctype.c
-r--r--r-- 3/10           5325 Dec 16 15:26 1986 ./kdb/kdb_expr.c
-r--r--r-- 3/10           4435 Dec 16 15:26 1986 ./kdb/kdb_format.c
-r--r--r-- 3/10           1985 Dec 16 15:26 1986 ./kdb/kdb_input.c
-r--r--r-- 3/10            885 Dec 16 15:26 1986 ./kdb/kdb_message.c
-r--r--r-- 3/10           3440 Dec 16 15:26 1986 ./kdb/kdb_output.c
-r--r--r-- 3/10           1521 Dec 16 15:26 1986 ./kdb/kdb_pcs.c
-r--r--r-- 3/10           4509 Dec 16 15:26 1986 ./kdb/kdb_print.c
-r--r--r-- 3/10           2876 Dec 16 15:26 1986 ./kdb/kdb_runpcs.c
-r--r--r-- 3/10           3379 Dec 16 15:26 1986 ./kdb/kdb_sym.c
-r--r--r-- 3/10           1613 Dec 16 15:26 1986 ./kdb/kdb_trap.c
-r--r--r-- 3/10           3244 Nov 24 06:56 1986 ./kdb/redef.h
drwxrwxr-x 3/10              0 May 22 09:32 1988 ./vaxbi/
-r--r--r-- 3/10           2301 Jul 10 06:44 1988 ./vaxbi/bi.c
-r--r--r-- 3/10           9084 Jul 10 06:44 1988 ./vaxbi/bireg.h
-r--r--r-- 3/10           1426 Jul 10 06:44 1988 ./vaxbi/bivar.h
-r--r--r-- 3/10          43388 Jul 10 06:44 1988 ./vaxbi/kdb.c
-r--r--r-- 3/10           3469 Jul 10 06:44 1988 ./vaxbi/kdbreg.h
-r--r--r-- 3/10           3182 Jul 10 06:44 1988 ./vaxbi/nireg.h
drwxrwxr-x 3/10              0 May 22 09:32 1988 ./mdec/
-r--r--r-- 3/10           2573 Jul 17 07:08 1988 ./mdec/Makefile
-r--r--r-- 3/10           3077 Apr  4 09:13 1987 ./mdec/hkboot.c
-r--r--r-- 3/10           3673 Apr  4 09:13 1987 ./mdec/hpboot.c
-r--r--r-- 3/10           7261 Apr  4 09:13 1987 ./mdec/mtboot.c
-r--r--r-- 3/10            725 Apr  4 09:13 1987 ./mdec/httoggle.s
-r--r--r-- 3/10           1036 Apr  4 09:13 1987 ./mdec/installboot.c
-r--r--r-- 3/10           5350 Apr  4 09:13 1987 ./mdec/tmboot.c
-r--r--r-- 3/10            917 Apr  4 09:13 1987 ./mdec/mttoggle.s
-r--r--r-- 3/10           2232 Apr  4 09:13 1987 ./mdec/raboot.c
-r--r--r-- 3/10           6314 Apr  4 09:13 1987 ./mdec/htboot.c
-r--r--r-- 3/10           5692 Apr  4 09:13 1987 ./mdec/tsboot.c
-r--r--r-- 3/10            662 Apr  4 09:13 1987 ./mdec/tmtoggle.s
-r--r--r-- 3/10           3142 Apr  4 09:13 1987 ./mdec/upboot.c
-r--r--r-- 3/10          10854 Apr  4 09:13 1987 ./mdec/tuboot.c
-r--r--r-- 3/10           1004 Apr  4 09:13 1987 ./mdec/tstoggle.s
-r--r--r-- 3/10           5711 Apr  4 09:13 1987 ./mdec/utboot.c
-r--r--r-- 3/10           3381 Apr  4 09:13 1987 ./mdec/rlboot.c
-r--r--r-- 3/10            830 Apr  4 09:13 1987 ./mdec/uttoggle.s
-rw-rw-r-- 3/10           2437 Mar  9 10:20 1986 ./mdec/hpboot.s.rom
-r--r--r-- 3/10           3437 Jan 23 06:51 1988 ./mdec/rdboot.c
-r--r--r-- 3/10          10766 Jan 23 07:04 1988 ./mdec/tmscpboot.c
drwxrwxr-x 3/10              0 May 25 04:42 1988 ./net/
-r--r--r-- 3/10           1978 Jun 28 11:59 1988 ./net/af.c
-r--r--r-- 3/10           1417 Jun 28 11:59 1988 ./net/af.h
-r--r--r-- 3/10           8391 Jun 28 11:59 1988 ./net/route.c
-r--r--r-- 3/10           3012 Jun 28 11:59 1988 ./net/route.h
-r--r--r-- 3/10           3243 Jun 28 11:59 1988 ./net/if_loop.c
-r--r--r-- 3/10           8075 Jun 28 11:59 1988 ./net/if.c
-r--r--r-- 3/10           1834 Jun 28 11:59 1988 ./net/netisr.h
-r--r--r-- 3/10          11823 Jun 28 11:59 1988 ./net/if_sl.c
-r--r--r-- 3/10           3579 Jun 28 11:59 1988 ./net/raw_cb.c
-r--r--r-- 3/10           7898 Jun 28 11:59 1988 ./net/if.h
lrwxrwxr-x 3/10              0 May 25 04:42 1988 ./net/tags -> ../machine/tags
-r--r--r-- 3/10           2487 Jun 28 11:59 1988 ./net/if_arp.h
-r--r--r-- 3/10           2193 Jun 28 11:59 1988 ./net/raw_cb.h
-r--r--r-- 3/10           6782 Jun 28 11:59 1988 ./net/raw_usrreq.c
drwxrwxr-x 3/10              0 May 25 04:42 1988 ./netimp/
-r--r--r-- 3/10          23211 Jun 30 09:58 1988 ./netimp/if_imp.c
-r--r--r-- 3/10           8283 Jun 30 09:58 1988 ./netimp/if_imp.h
-r--r--r-- 3/10           5588 Jun 30 09:58 1988 ./netimp/if_imphost.c
-r--r--r-- 3/10           3830 Jun 30 09:58 1988 ./netimp/if_imphost.h
-r--r--r-- 3/10           3118 Jun 30 09:58 1988 ./netimp/raw_imp.c
lrwxrwxr-x 3/10              0 May 25 04:42 1988 ./netimp/tags -> ../machine/tags
drwxrwxr-x 3/10              0 May 25 04:42 1988 ./netinet/
-r--r--r-- 3/10           4146 Jun 30 10:08 1988 ./netinet/ip.h
-r--r--r-- 3/10           1642 Jun 30 10:08 1988 ./netinet/tcp_seq.h
-r--r--r-- 3/10          15377 Jun 30 10:08 1988 ./netinet/if_ether.c
-r--r--r-- 3/10           7704 Jun 30 10:08 1988 ./netinet/tcp_timer.c
-r--r--r-- 3/10          10952 Jun 30 10:08 1988 ./netinet/in.c
-r--r--r-- 3/10           3550 Jun 30 10:08 1988 ./netinet/in_proto.c
-r--r--r-- 3/10           3468 Jun 30 10:08 1988 ./netinet/in.h
-r--r--r-- 3/10           9795 Jun 30 10:08 1988 ./netinet/in_pcb.c
-r--r--r-- 3/10           1461 Jun 30 10:08 1988 ./netinet/in_systm.h
-r--r--r-- 3/10          11719 Jun 30 10:08 1988 ./netinet/ip_output.c
-r--r--r-- 3/10           1609 Jun 30 10:08 1988 ./netinet/icmp_var.h
-r--r--r-- 3/10           2085 Jun 30 10:08 1988 ./netinet/in_var.h
-r--r--r-- 3/10          10837 Jun 30 10:08 1988 ./netinet/ip_icmp.c
-r--r--r-- 3/10           7862 Jun 30 10:08 1988 ./netinet/tcp_subr.c
-r--r--r-- 3/10          23797 Jun 30 10:08 1988 ./netinet/ip_input.c
-r--r--r-- 3/10           3669 Jun 30 10:08 1988 ./netinet/ip_var.h
-r--r--r-- 3/10           3285 Jun 30 10:08 1988 ./netinet/tcp_debug.c
-r--r--r-- 3/10           1295 Jun 30 10:08 1988 ./netinet/tcp_debug.h
-r--r--r-- 3/10           2585 Jun 30 10:08 1988 ./netinet/tcp_fsm.h
-r--r--r-- 3/10           2915 Jun 30 10:08 1988 ./netinet/if_ether.h
-r--r--r-- 3/10           3859 Jun 30 10:08 1988 ./netinet/raw_ip.c
-r--r--r-- 3/10          34268 Jul  8 06:51 1988 ./netinet/tcp_input.c
-r--r--r-- 3/10           1891 Jun 30 10:08 1988 ./netinet/in_pcb.h
-r--r--r-- 3/10           4785 Jun 30 10:08 1988 ./netinet/tcp_timer.h
-r--r--r-- 3/10           8837 Jun 30 10:08 1988 ./netinet/tcp_var.h
-r--r--r-- 3/10          12357 Jun 30 10:08 1988 ./netinet/tcp_output.c
-r--r--r-- 3/10          11125 Jun 30 10:08 1988 ./netinet/tcp_usrreq.c
-r--r--r-- 3/10           1514 Jun 30 10:08 1988 ./netinet/tcpip.h
-r--r--r-- 3/10           1103 Jun 30 10:08 1988 ./netinet/udp.h
-r--r--r-- 3/10           1547 Jun 30 10:08 1988 ./netinet/udp_var.h
-r--r--r-- 3/10           8469 Jun 30 10:08 1988 ./netinet/udp_usrreq.c
-r--r--r-- 3/10           2065 Jun 30 10:08 1988 ./netinet/tcp.h
-r--r--r-- 3/10           4307 Jun 30 10:08 1988 ./netinet/ip_icmp.h
-r--r--r-- 3/10           3364 Jun 30 10:08 1988 ./netinet/in_cksum.c
lrwxrwxr-x 3/10              0 May 25 04:42 1988 ./netinet/tags -> ../machine/tags
drwxrwxr-x 3/10              0 May 25 04:42 1988 ./netns/
-r--r--r-- 3/10           3418 Jun 30 10:13 1988 ./netns/ns.h
-r--r--r-- 3/10           1278 Jun 30 10:13 1988 ./netns/idp.h
-r--r--r-- 3/10           7227 Jun 30 10:13 1988 ./netns/ns.c
-r--r--r-- 3/10          11053 Jun 30 10:13 1988 ./netns/idp_usrreq.c
-r--r--r-- 3/10           6682 Jun 30 10:13 1988 ./netns/ns_error.c
-r--r--r-- 3/10           1229 Jun 30 10:13 1988 ./netns/idp_var.h
-r--r--r-- 3/10           1462 Jun 30 10:14 1988 ./netns/sp.h
-r--r--r-- 3/10           2139 Jun 30 10:13 1988 ./netns/ns_if.h
-r--r--r-- 3/10           2887 Jun 30 10:13 1988 ./netns/ns_error.h
-r--r--r-- 3/10          11033 Jun 30 10:13 1988 ./netns/ns_input.c
-r--r--r-- 3/10           3287 Jun 30 10:13 1988 ./netns/ns_output.c
-r--r--r-- 3/10           9224 Jun 30 10:13 1988 ./netns/ns_ip.c
-r--r--r-- 3/10           7932 Jun 30 10:13 1988 ./netns/ns_pcb.c
-r--r--r-- 3/10           2182 Jun 30 10:13 1988 ./netns/ns_pcb.h
-r--r--r-- 3/10           2327 Jun 30 10:14 1988 ./netns/ns_proto.c
-r--r--r-- 3/10           1540 Jun 30 10:14 1988 ./netns/spidp.h
lrwxrwxr-x 3/10              0 May 25 04:42 1988 ./netns/tags -> ../machine/tags
-r--r--r-- 3/10           7831 Jun 30 10:14 1988 ./netns/spp_var.h
-r--r--r-- 3/10           3587 Jun 30 10:14 1988 ./netns/spp_debug.c
-r--r--r-- 3/10           1303 Jun 30 10:14 1988 ./netns/spp_debug.h
-r--r--r-- 3/10          40581 Jun 30 10:14 1988 ./netns/spp_usrreq.c
-r--r--r-- 3/10           4270 Jun 30 10:14 1988 ./netns/spp_timer.h
drwxrwxr-x 3/10              0 May 25 04:42 1988 ./sys/
-r--r--r-- 3/10           6436 May 27 02:01 1988 ./sys/init_main.c
-r--r--r-- 3/10          11107 Jun  6 08:39 1988 ./sys/kern_exec.c
-r--r--r-- 3/10           3550 Nov 26 08:58 1986 ./sys/kern_acct.c
-r--r--r-- 3/10           6250 Aug  8 13:21 1987 ./sys/kern_exit.c
-r--r--r-- 3/10           5560 Jul 11 09:59 1987 ./sys/syscalls.c
-r--r--r-- 3/10           6244 Nov  4 07:01 1986 ./sys/kern_fork.c
-r--r--r-- 3/10           6833 Jun  5 17:02 1986 ./sys/kern_descrip.c
-r--r--r-- 3/10           4513 Jun  5 17:03 1986 ./sys/kern_prot.c
-r--r--r-- 3/10          11228 Nov  4 07:01 1986 ./sys/kern_clock.c
-r--r--r-- 3/10           7193 Jul 11 09:59 1987 ./sys/kern_mman.c
-r--r--r-- 3/10          16666 Dec 15 09:52 1986 ./sys/kern_sig.c
-r--r--r-- 3/10          35241 May 27 02:01 1988 ./sys/tty.c
-r--r--r-- 3/10           7505 Jun 30 10:20 1988 ./sys/quota_sys.c
-r--r--r-- 3/10           4319 Jul 21 08:31 1987 ./sys/kern_resource.c
-r--r--r-- 3/10           2079 Jul 14 16:34 1987 ./sys/kern_proc.c
-r--r--r-- 3/10           2596 Jun  5 17:04 1986 ./sys/kern_subr.c
-r--r--r-- 3/10           9641 Dec 11 19:13 1987 ./sys/kern_synch.c
-r--r--r-- 3/10          13031 May 23 08:07 1988 ./sys/sys_inode.c
-r--r--r-- 3/10           6528 Feb 27 13:10 1987 ./sys/kern_xxx.c
-r--r--r-- 3/10          16192 Jun 30 10:15 1988 ./sys/quota_kern.c
-r--r--r-- 3/10           3442 Jun 30 10:20 1988 ./sys/quota_subr.c
-r--r--r-- 3/10           8698 Jul 22 06:10 1987 ./sys/kern_time.c
-r--r--r-- 3/10           5624 Jan 20 10:04 1988 ./sys/subr_mcount.c
-r--r--r-- 3/10          28617 Jun 30 10:15 1988 ./sys/ufs_alloc.c
-r--r--r-- 3/10           8965 Apr 25 13:49 1988 ./sys/subr_rmap.c
-r--r--r-- 3/10           6186 Jun 30 10:20 1988 ./sys/quota_ufs.c
-r--r--r-- 3/10           8007 Jul 26 04:40 1988 ./sys/subr_prf.c
-r--r--r-- 3/10           3492 Jun  5 17:06 1986 ./sys/subr_log.c
-rw-r--r-- 3/10           3508 Jul  7 10:25 1988 ./sys/sys_socket.c
-r--r--r-- 3/10          15353 May 27 02:01 1988 ./sys/vm_pt.c
lrwxrwxr-x 3/10              0 May 25 04:42 1988 ./sys/tags -> ../machine/tags
-r--r--r-- 3/10           3731 Jul 28 09:36 1987 ./sys/tty_bk.c
-r--r--r-- 3/10           1929 May 27 01:56 1988 ./sys/tty_conf.c
-r--r--r-- 3/10          14432 Nov 14 13:41 1987 ./sys/ufs_bio.c
-r--r--r-- 3/10          12435 May 16 07:24 1988 ./sys/tty_pty.c
-r--r--r-- 3/10           1523 Jun  5 17:11 1986 ./sys/tty_tty.c
-r--r--r-- 3/10           4786 Apr  3 09:49 1987 ./sys/ufs_bmap.c
-r--r--r-- 3/10          16081 Nov 24 12:45 1987 ./sys/ufs_inode.c
-r--r--r-- 3/10           1331 Jul 22 10:36 1987 ./sys/subr_xxx.c
-r--r--r-- 3/10           7216 May 25 12:26 1988 ./sys/ufs_mount.c
-r--r--r-- 3/10           2856 Jun  5 17:12 1986 ./sys/ufs_fio.c
-r--r--r-- 3/10           4498 Dec 11 13:41 1987 ./sys/sys_process.c
-r--r--r-- 3/10          34812 Aug 15 07:25 1987 ./sys/ufs_namei.c
-r--r--r-- 3/10           8733 May 20 15:09 1988 ./sys/ufs_subr.c
-r--r--r-- 3/10           2520 Jun  5 17:15 1986 ./sys/ufs_xxx.c
-r--r--r-- 3/10           8743 Jun 30 10:20 1988 ./sys/uipc_mbuf.c
-r--r--r-- 3/10           3417 Jun 30 10:20 1988 ./sys/uipc_domain.c
-r--r--r-- 3/10           6985 Jul 12 12:05 1987 ./sys/vm_drum.c
-r--r--r-- 3/10           9527 May 16 07:24 1988 ./sys/tty_subr.c
-r--r--r-- 3/10           1712 Jun 30 10:21 1988 ./sys/uipc_proto.c
-r--r--r-- 3/10          17896 Jul 17 07:10 1988 ./sys/uipc_socket.c
-r--r--r-- 3/10          15482 Jun 30 10:18 1988 ./sys/uipc_socket2.c
-rw-r--r-- 3/10          17090 Jul  7 11:03 1988 ./sys/uipc_syscalls.c
-r--r--r-- 3/10          14431 Jun 30 10:20 1988 ./sys/uipc_usrreq.c
-r--r--r-- 3/10           1412 Jun  5 17:19 1986 ./sys/vm_mon.c
-r--r--r-- 3/10           8062 Jul 28 10:12 1987 ./sys/tty_tb.c
-r--r--r-- 3/10           1949 Mar 29 06:15 1987 ./sys/Makefile
-r--r--r-- 3/10          10784 Aug  9 10:10 1987 ./sys/vm_sched.c
-r--r--r-- 3/10          12476 Nov 25 11:23 1987 ./sys/vm_mem.c
-r--r--r-- 3/10          33291 Sep  3 14:43 1987 ./sys/vm_page.c
-r--r--r-- 3/10           3830 May  7 10:14 1988 ./sys/vm_sw.c
-r--r--r-- 3/10           9929 Jun  1 06:54 1987 ./sys/vm_proc.c
-r--r--r-- 3/10           2680 Sep  6 08:32 1987 ./sys/vm_subr.c
-r--r--r-- 3/10           9111 Jul 14 09:18 1987 ./sys/init_sysent.c
-r--r--r-- 3/10           6025 Nov  4 07:02 1986 ./sys/vm_swap.c
-r--r--r-- 3/10           7394 May  7 10:14 1988 ./sys/vm_swp.c
-r--r--r-- 3/10           4255 Apr 14 04:11 1987 ./sys/ufs_tables.c
-r--r--r-- 3/10           8469 May 25 12:26 1988 ./sys/sys_generic.c
-r--r--r-- 3/10           8750 Mar 26 11:42 1987 ./sys/vm_text.c
-r--r--r-- 3/10          26817 Apr 19 09:27 1987 ./sys/ufs_syscalls.c
-rw-rw-r-- 3/10           7019 Dec 13 11:25 1986 ./sys/kern_exit.c.newwait
-r--r--r-- 3/10           5697 Jun 30 10:15 1988 ./sys/kern_malloc.c
-r--r--r-- 3/10           9237 Jun 12 11:54 1988 ./sys/ufs_disksubr.c
drwxrwxr-x 3/10              0 Jul 12 12:19 1988 ./tahoe/
drwxrwxr-x 3/10              0 Dec 15 11:59 1987 ./tahoe/inline/
-r--r--r-- 3/10           1673 Feb 25 17:28 1986 ./tahoe/inline/Makefile
-r--r--r-- 3/10           2177 Feb 25 17:27 1986 ./tahoe/inline/inline.h
-r--r--r-- 3/10           2735 Nov 26 10:40 1986 ./tahoe/inline/langpats.c
-r--r--r-- 3/10            390 Feb 25 17:27 1986 ./tahoe/inline/libcpats.c
-rw-rw-r-- 3/10           4215 Dec 15 11:59 1987 ./tahoe/inline/main.o
-rw-rw-r-- 3/10           3418 Dec 15 11:59 1987 ./tahoe/inline/machdep.o
-rw-rw-r-- 3/10            707 Dec 15 11:59 1987 ./tahoe/inline/machpats.o
-r--r--r-- 3/10           4767 Feb 25 17:27 1986 ./tahoe/inline/machdep.c
-r--r--r-- 3/10            816 Feb 25 17:27 1986 ./tahoe/inline/machpats.c
-rw-rw-r-- 3/10            268 Dec 15 11:59 1987 ./tahoe/inline/libcpats.o
-r--r--r-- 3/10           6849 Feb 25 17:27 1986 ./tahoe/inline/main.c
-rw-rw-r-- 3/10           2924 Dec 15 11:59 1987 ./tahoe/inline/langpats.o
-rwxrwxr-x 3/10          20480 Dec 15 11:59 1987 ./tahoe/inline/inline
-r--r--r-- 3/10            960 May 22 11:37 1988 ./tahoe/urem.s
-r--r--r-- 3/10            720 May 22 11:37 1988 ./tahoe/symbols.raw
-r--r--r-- 3/10           6975 May 28 09:41 1988 ./tahoe/Locore.c
-r--r--r-- 3/10           1560 Jun 30 10:34 1988 ./tahoe/SYS.h
-r--r--r-- 3/10          12683 May 27 02:09 1988 ./tahoe/autoconf.c
-r--r--r-- 3/10           5188 Jun 30 10:34 1988 ./tahoe/genassym.c
-r--r--r-- 3/10          40475 Jul  7 10:26 1988 ./tahoe/locore.s
-r--r--r-- 3/10           2450 Jun 30 10:34 1988 ./tahoe/clock.c
-r--r--r-- 3/10           3098 May 22 11:37 1988 ./tahoe/mem.c
-r--r--r-- 3/10           1328 Jun 30 10:34 1988 ./tahoe/clock.h
-r--r--r-- 3/10           2605 Jun  8 03:08 1988 ./tahoe/swapgeneric.c
-r--r--r-- 3/10           4551 May 22 11:37 1988 ./tahoe/kdb_opset.c
-rw-rw-r-- 3/10         308265 May 25 04:46 1988 ./tahoe/tags
-r--r--r-- 3/10           1807 May 22 11:37 1988 ./tahoe/pcb.h
-r--r--r-- 3/10           2650 May 22 11:37 1988 ./tahoe/scb.h
-r--r--r-- 3/10           1043 May 22 11:37 1988 ./tahoe/psl.h
-rw-r--r-- 3/10            379 Jan  6 14:15 1986 ./tahoe/symbols.sort
-r--r--r-- 3/10           8374 May 22 11:37 1988 ./tahoe/trap.c
-r--r--r-- 3/10           1565 May 22 11:37 1988 ./tahoe/trap.h
-r--r--r-- 3/10            291 May 22 11:36 1988 ./tahoe/frame.h
-r--r--r-- 3/10           2501 May 22 11:37 1988 ./tahoe/pte.h
-r--r--r-- 3/10           1460 May 22 11:37 1988 ./tahoe/mem.h
-r--r--r-- 3/10           1438 May 22 11:37 1988 ./tahoe/mtpr.h
-r--r--r-- 3/10           6991 Jun 30 10:30 1988 ./tahoe/conf.c
-r--r--r-- 3/10          10117 May 22 11:36 1988 ./tahoe/cons.c
-r--r--r-- 3/10            710 May 22 11:37 1988 ./tahoe/reg.h
-r--r--r-- 3/10            726 May 22 11:37 1988 ./tahoe/rpb.h
-r--r--r-- 3/10           2767 May 22 11:37 1988 ./tahoe/machparam.h
-r--r--r-- 3/10           1533 May 22 11:36 1988 ./tahoe/cp.h
-r--r--r-- 3/10           4062 Mar 30 05:07 1986 ./tahoe/astags
-r--r--r-- 3/10           1333 May 22 11:37 1988 ./tahoe/scb.s
-r--r--r-- 3/10           7891 May 22 11:37 1988 ./tahoe/kdb_machdep.c
-r--r--r-- 3/10            479 May 22 11:37 1988 ./tahoe/udiv.s
-r--r--r-- 3/10           4293 Jun 30 10:34 1988 ./tahoe/in_cksum.c
-r--r--r-- 3/10           5311 May 22 11:37 1988 ./tahoe/vmparam.h
-r--r--r-- 3/10           5284 Jun 30 10:34 1988 ./tahoe/ns_cksum.c
-r--r--r-- 3/10           2602 May 22 11:37 1988 ./tahoe/sys_machdep.c
-r--r--r-- 3/10           2974 Jun 30 10:34 1988 ./tahoe/ufs_machdep.c
-r--r--r-- 3/10           1795 May 22 11:36 1988 ./tahoe/cpu.h
-r--r--r-- 3/10           8119 Nov 21 11:08 1986 ./tahoe/kdb_instrs
-r--r--r-- 3/10           2223 May 22 11:37 1988 ./tahoe/kdbparam.h
-r--r--r-- 3/10          16561 May 27 02:09 1988 ./tahoe/machdep.c
-r--r--r-- 3/10           9969 Jul 10 09:35 1988 ./tahoe/vm_machdep.c
-r--r--r-- 3/10           1511 Jun 30 10:34 1988 ./tahoe/endian.h
drwxrwxr-x 3/10              0 May 12 08:35 1987 ./tahoealign/
-r--r--r-- 3/10           3324 Jul 21 04:17 1986 ./tahoealign/align.h
-r--r--r-- 3/10           3103 Jul 21 04:17 1986 ./tahoealign/defs.h
-r--r--r-- 3/10            540 Jul 21 04:17 1986 ./tahoealign/Aadd2.c
-r--r--r-- 3/10            541 Jul 21 04:17 1986 ./tahoealign/Aadd3.c
-r--r--r-- 3/10            277 Jul 21 04:17 1986 ./tahoealign/Aadda.c
-r--r--r-- 3/10            408 Jul 21 04:17 1986 ./tahoealign/Aaddd.c
-r--r--r-- 3/10            400 Jul 21 04:17 1986 ./tahoealign/Aaddf.c
-r--r--r-- 3/10            906 Jul 21 04:17 1986 ./tahoealign/Aadwc.c
-r--r--r-- 3/10            511 Jul 21 04:17 1986 ./tahoealign/Aand2.c
-r--r--r-- 3/10            512 Jul 21 04:17 1986 ./tahoealign/Aand3.c
-r--r--r-- 3/10            672 Jul 21 04:17 1986 ./tahoealign/Aaobleq.c
-r--r--r-- 3/10            664 Jul 21 04:17 1986 ./tahoealign/Aaoblss.c
-r--r--r-- 3/10            417 Jul 21 04:17 1986 ./tahoealign/Abbc.c
-r--r--r-- 3/10            411 Jul 21 04:17 1986 ./tahoealign/Abbs.c
-r--r--r-- 3/10            248 Jul 21 04:17 1986 ./tahoealign/Abicpsw.c
-r--r--r-- 3/10            243 Jul 21 04:17 1986 ./tahoealign/Abispsw.c
-r--r--r-- 3/10            482 Jul 21 04:17 1986 ./tahoealign/Abit.c
-r--r--r-- 3/10            973 Jul 21 04:17 1986 ./tahoealign/Acall.c
-r--r--r-- 3/10            590 Jul 21 04:17 1986 ./tahoealign/Acasel.c
-r--r--r-- 3/10            247 Jul 21 04:17 1986 ./tahoealign/Aclr.c
-r--r--r-- 3/10            502 Jul 21 04:17 1986 ./tahoealign/Acmp.c
-r--r--r-- 3/10            630 Jul 21 04:17 1986 ./tahoealign/Acmpd.c
-r--r--r-- 3/10            678 Jul 21 04:17 1986 ./tahoealign/Acmpd2.c
-r--r--r-- 3/10            625 Jul 21 04:17 1986 ./tahoealign/Acmpf.c
-r--r--r-- 3/10            671 Jul 21 04:17 1986 ./tahoealign/Acmpf2.c
-r--r--r-- 3/10            535 Jul 21 04:17 1986 ./tahoealign/Acvdl.c
-r--r--r-- 3/10            533 Jul 21 04:17 1986 ./tahoealign/Acvfl.c
-r--r--r-- 3/10            581 Jul 21 04:17 1986 ./tahoealign/Acvld.c
-r--r--r-- 3/10            651 Jul 21 04:17 1986 ./tahoealign/Acvlf.c
-r--r--r-- 3/10            438 Jul 21 04:17 1986 ./tahoealign/Acvt.c
-r--r--r-- 3/10            469 Jul 21 04:17 1986 ./tahoealign/Acvtlb.c
-r--r--r-- 3/10            459 Jul 21 04:17 1986 ./tahoealign/Acvtlw.c
-r--r--r-- 3/10            521 Jul 21 04:17 1986 ./tahoealign/Adec.c
-r--r--r-- 3/10            411 Jul 21 04:17 1986 ./tahoealign/Adivd.c
-r--r--r-- 3/10            406 Jul 21 04:17 1986 ./tahoealign/Adivf.c
-r--r--r-- 3/10            614 Jul 21 04:17 1986 ./tahoealign/Adivl2.c
-r--r--r-- 3/10            612 Jul 21 04:17 1986 ./tahoealign/Adivl3.c
-r--r--r-- 3/10            852 Jul 21 04:17 1986 ./tahoealign/Aediv.c
-r--r--r-- 3/10            789 Jul 21 04:17 1986 ./tahoealign/Aemul.c
-r--r--r-- 3/10            494 Jul 21 04:17 1986 ./tahoealign/Affc.c
-r--r--r-- 3/10            467 Jul 21 04:17 1986 ./tahoealign/Affs.c
-r--r--r-- 3/10            521 Jul 21 04:17 1986 ./tahoealign/Ainc.c
-r--r--r-- 3/10            546 Jul 21 04:17 1986 ./tahoealign/Aget_byte.c
-r--r--r-- 3/10            702 Jul 21 04:17 1986 ./tahoealign/Aget_long.c
-r--r--r-- 3/10            604 Jul 21 04:17 1986 ./tahoealign/Aget_word.c
-r--r--r-- 3/10            214 Jul 21 04:17 1986 ./tahoealign/Ajmp.c
-r--r--r-- 3/10            430 Jul 21 04:17 1986 ./tahoealign/Aldd.c
-r--r--r-- 3/10            464 Jul 21 04:17 1986 ./tahoealign/Aldf.c
-r--r--r-- 3/10            447 Jul 21 04:17 1986 ./tahoealign/Aldfd.c
-r--r--r-- 3/10            505 Jul 21 04:17 1986 ./tahoealign/Alnd.c
-r--r--r-- 3/10            460 Jul 21 04:17 1986 ./tahoealign/Alnf.c
-r--r--r-- 3/10            568 Jul 21 04:17 1986 ./tahoealign/Aloadr.c
-r--r--r-- 3/10            474 Jul 21 04:17 1986 ./tahoealign/Amcom.c
-r--r--r-- 3/10            475 Jul 21 04:17 1986 ./tahoealign/Amneg.c
-r--r--r-- 3/10            470 Jul 21 04:18 1986 ./tahoealign/Amov.c
-r--r--r-- 3/10            519 Jul 21 04:18 1986 ./tahoealign/Amova.c
-r--r--r-- 3/10            650 Jul 21 04:18 1986 ./tahoealign/Amovob.c
-r--r--r-- 3/10            219 Jul 21 04:18 1986 ./tahoealign/Amovpsl.c
-r--r--r-- 3/10            527 Jul 21 04:18 1986 ./tahoealign/Amovzb.c
-r--r--r-- 3/10            523 Jul 21 04:18 1986 ./tahoealign/Amovzwl.c
-r--r--r-- 3/10            414 Jul 21 04:18 1986 ./tahoealign/Amuld.c
-r--r--r-- 3/10            409 Jul 21 04:18 1986 ./tahoealign/Amulf.c
-r--r--r-- 3/10            553 Jul 21 04:18 1986 ./tahoealign/Amull2.c
-r--r--r-- 3/10            525 Jul 21 04:18 1986 ./tahoealign/Amull3.c
-r--r--r-- 3/10            537 Jul 21 04:18 1986 ./tahoealign/Aor2.c
-r--r--r-- 3/10           8879 Jul 21 04:18 1986 ./tahoealign/Aoperand.c
-r--r--r-- 3/10            537 Jul 21 04:18 1986 ./tahoealign/Aor3.c
-r--r--r-- 3/10            743 Jul 21 04:18 1986 ./tahoealign/Aprober.c
-r--r--r-- 3/10            744 Jul 21 04:18 1986 ./tahoealign/Aprobew.c
-r--r--r-- 3/10            352 Jul 21 04:18 1986 ./tahoealign/Apush.c
-r--r--r-- 3/10            395 Jul 21 04:18 1986 ./tahoealign/Apusha.c
-r--r--r-- 3/10            381 Jul 21 04:18 1986 ./tahoealign/Apushx.c
-r--r--r-- 3/10            912 Jul 21 04:18 1986 ./tahoealign/Asbwc.c
-r--r--r-- 3/10            539 Jul 21 04:18 1986 ./tahoealign/Aput_byte.c
-r--r--r-- 3/10            667 Jul 21 04:18 1986 ./tahoealign/Aput_long.c
-r--r--r-- 3/10            591 Jul 21 04:18 1986 ./tahoealign/Aput_word.c
-r--r--r-- 3/10           2514 Jul 21 04:18 1986 ./tahoealign/Areadable.c
-r--r--r-- 3/10           1312 Jul 21 04:18 1986 ./tahoealign/Aregister.c
-r--r--r-- 3/10            577 Jul 21 04:18 1986 ./tahoealign/Ashal.c
-r--r--r-- 3/10            555 Jul 21 04:18 1986 ./tahoealign/Ashar.c
-r--r--r-- 3/10            587 Jul 21 04:18 1986 ./tahoealign/Ashll.c
-r--r--r-- 3/10            673 Jul 21 04:18 1986 ./tahoealign/Ashlq.c
-r--r--r-- 3/10            552 Jul 21 04:18 1986 ./tahoealign/Ashrl.c
-r--r--r-- 3/10            674 Jul 21 04:18 1986 ./tahoealign/Ashrq.c
-r--r--r-- 3/10            430 Jul 21 04:18 1986 ./tahoealign/Astd.c
-r--r--r-- 3/10            378 Jul 21 04:18 1986 ./tahoealign/Astf.c
-r--r--r-- 3/10            570 Jul 21 04:18 1986 ./tahoealign/Astorer.c
-r--r--r-- 3/10            546 Jul 21 04:18 1986 ./tahoealign/Asub2.c
-r--r--r-- 3/10            546 Jul 21 04:18 1986 ./tahoealign/Asub3.c
-r--r--r-- 3/10            331 Jul 21 04:18 1986 ./tahoealign/Asuba.c
-r--r--r-- 3/10            417 Jul 21 04:18 1986 ./tahoealign/Asubd.c
-r--r--r-- 3/10            413 Jul 21 04:18 1986 ./tahoealign/Asubf.c
-r--r--r-- 3/10            365 Jul 21 04:18 1986 ./tahoealign/Atst.c
-r--r--r-- 3/10            643 Jul 21 04:18 1986 ./tahoealign/Awrite_long.c
-r--r--r-- 3/10            579 Jul 21 04:18 1986 ./tahoealign/Awrite_back.c
-r--r--r-- 3/10            935 Jul 21 04:18 1986 ./tahoealign/Awrite_byte.c
-r--r--r-- 3/10            910 Jul 21 04:18 1986 ./tahoealign/Awrite_quad.c
-r--r--r-- 3/10            937 Jul 21 04:18 1986 ./tahoealign/Awrite_word.c
-r--r--r-- 3/10           2520 Jul 21 04:18 1986 ./tahoealign/Awriteable.c
-r--r--r-- 3/10            509 Jul 21 04:18 1986 ./tahoealign/Axor2.c
-r--r--r-- 3/10            509 Jul 21 04:18 1986 ./tahoealign/Axor3.c
-r--r--r-- 3/10           1212 Jul 21 04:18 1986 ./tahoealign/align.c
-r--r--r-- 3/10           2499 Jul 21 04:18 1986 ./tahoealign/exception.c
-r--r--r-- 3/10          20313 Jul 21 04:18 1986 ./tahoealign/table.c
drwxrwxr-x 3/10              0 Aug  2 09:21 1988 ./tahoedist/
-r--r--r-- 3/10           4828 Jun 15 11:57 1988 ./tahoedist/disktab
-rwxrwxr-x 3/10           1444 Jul 10 03:58 1988 ./tahoedist/MAKEHOSTS
-rw-r--r-- 3/10            881 Nov 17 15:09 1986 ./tahoedist/README
-r--r--r-- 3/10           2894 Jul 10 04:01 1988 ./tahoedist/get
-r--r--r-- 3/10           6043 Jul  8 06:05 1988 ./tahoedist/MAKEDEV
-r--r--r-- 3/10           2961 Jul 17 09:08 1988 ./tahoedist/maketape
-rw-rw-r-- 3/10             61 Nov 17 15:21 1986 ./tahoedist/fstab.dk
-rwxrwxr-x 3/10           1157 Dec 11 15:39 1986 ./tahoedist/makeboot
-r--r--r-- 3/10           1668 Jun 30 10:58 1988 ./tahoedist/20b.c
-r--r--r-- 3/10            733 Jul 10 08:45 1988 ./tahoedist/buildboot
-r--r--r-- 3/10           1115 Jul 10 04:01 1988 ./tahoedist/buildmini
-rw-r--r-- 3/10            142 Nov 17 15:09 1986 ./tahoedist/group
-rw-r--r-- 3/10            990 Nov 17 15:09 1986 ./tahoedist/inetd.conf
-rwxrwxr-x 3/10           3119 Apr  8 06:53 1987 ./tahoedist/maketape2
-rw-r--r-- 3/10             79 Nov 17 15:09 1986 ./tahoedist/motd
-r--r--r-- 3/10           2108 Jan 26 07:37 1988 ./tahoedist/passwd
-rw-r--r-- 3/10             77 Nov 17 15:09 1986 ./tahoedist/printcap
-rw-r--r-- 3/10           2854 Jul 11 04:21 1988 ./tahoedist/rc
-rw-r--r-- 3/10            442 Jul 17 07:30 1988 ./tahoedist/rc.local
-rw-r--r-- 3/10           1525 Nov 17 15:09 1986 ./tahoedist/services
-rw-r--r-- 3/10            141 Nov 17 15:09 1986 ./tahoedist/shells
-rw-r--r-- 3/10            287 Apr 22 02:01 1988 ./tahoedist/syslog.conf
-rw-rw-r-- 3/10           1363 Nov 17 15:09 1986 ./tahoedist/tape3
-rw-r--r-- 3/10           1190 Jul 17 09:31 1988 ./tahoedist/ttys
-r-xr-xr-x 3/10            332 Jul 17 07:29 1988 ./tahoedist/netstart
drwxrwxr-x 3/10              0 May 25 04:42 1988 ./tahoeif/
-r--r--r-- 3/10          22040 Jun 30 10:36 1988 ./tahoeif/if_ace.c
lrwxrwxr-x 3/10              0 May 25 04:42 1988 ./tahoeif/tags -> ../tahoe/tags
-r--r--r-- 3/10           3514 May 22 11:31 1988 ./tahoeif/if_acereg.h
-r--r--r-- 3/10          18978 Jun 30 10:36 1988 ./tahoeif/if_enp.c
-r--r--r-- 3/10           5602 Jun  1 01:42 1988 ./tahoeif/if_enpreg.h
drwxrwxr-x 3/10              0 May 12 08:35 1987 ./tahoemath/
-r--r--r-- 3/10            416 Jan  4 18:51 1986 ./tahoemath/fp.h
-r--r--r-- 3/10            968 Jan  4 18:51 1986 ./tahoemath/Kfp.h
-r--r--r-- 3/10           3693 Jan  4 18:51 1986 ./tahoemath/fpe.c
-r--r--r-- 3/10            708 Jan  4 18:51 1986 ./tahoemath/SYS.h
-r--r--r-- 3/10           2789 Jan  6 13:51 1986 ./tahoemath/Kaddd.s
-r--r--r-- 3/10           2771 Jan  6 13:51 1986 ./tahoemath/Kaddf.s
-r--r--r-- 3/10           3282 Jan  6 13:51 1986 ./tahoemath/Katanf.s
-r--r--r-- 3/10            958 Jan  6 13:51 1986 ./tahoemath/Kcmpd.s
-r--r--r-- 3/10            520 Jan  6 13:51 1986 ./tahoemath/Kcmpf.s
-r--r--r-- 3/10           1043 Jan  6 13:51 1986 ./tahoemath/Kcvtdl.s
-r--r--r-- 3/10           1243 Jan  6 13:51 1986 ./tahoemath/Kcvtfl.s
-r--r--r-- 3/10           1300 Jan  6 13:51 1986 ./tahoemath/Kcvtld.s
-r--r--r-- 3/10           1274 Jan  6 13:51 1986 ./tahoemath/Kcvtlf.s
-r--r--r-- 3/10           1798 Jan  6 13:51 1986 ./tahoemath/Kdivd.s
-r--r--r-- 3/10           1690 Jan  6 13:51 1986 ./tahoemath/Kdivf.s
-r--r--r-- 3/10           3562 Jan  6 13:51 1986 ./tahoemath/Kexpf.s
-r--r--r-- 3/10           1127 Jan  6 13:51 1986 ./tahoemath/Kfnorm.s
-r--r--r-- 3/10            278 Jan  6 13:51 1986 ./tahoemath/Kfp_exp.s
-r--r--r-- 3/10            473 Jan  6 13:51 1986 ./tahoemath/Kfp_mvtoacc.s
-r--r--r-- 3/10            854 Jan  6 13:51 1986 ./tahoemath/Kfrexpd.s
-r--r--r-- 3/10            976 Jan  6 13:51 1986 ./tahoemath/Kfrexpf.s
-r--r--r-- 3/10           1755 Jan  6 13:51 1986 ./tahoemath/Kldexpf.s
-r--r--r-- 3/10           2842 Jan  6 13:51 1986 ./tahoemath/Klogf.s
-r--r--r-- 3/10           2221 Jan  6 13:51 1986 ./tahoemath/Kmodf.s
-r--r--r-- 3/10           2754 Jan  6 13:51 1986 ./tahoemath/Kmuld.s
-r--r--r-- 3/10           2035 Jan  6 13:51 1986 ./tahoemath/Kmulf.s
-r--r--r-- 3/10            413 Jan  6 13:51 1986 ./tahoemath/Knegd.s
-r--r--r-- 3/10            398 Jan  6 13:51 1986 ./tahoemath/Knegf.s
-r--r--r-- 3/10           1047 Jan  6 13:51 1986 ./tahoemath/Ksfnorm.s
-r--r--r-- 3/10            283 Jan  6 13:51 1986 ./tahoemath/Ksfp_exp.s
-r--r--r-- 3/10           4317 Jan  6 13:51 1986 ./tahoemath/Ksinfcosf.s
-r--r--r-- 3/10           2638 Jan  6 13:51 1986 ./tahoemath/Ksqrtf.s
-r--r--r-- 3/10            437 Jan  6 13:51 1986 ./tahoemath/Ksubd.s
-r--r--r-- 3/10            491 Jan  6 13:51 1986 ./tahoemath/Ksubf.s
-r--r--r-- 3/10            706 Nov  4 17:07 1986 ./tahoemath/FP.h
drwxrwxr-x 3/10              0 Jul 13 06:54 1988 ./tahoestand/
-r--r--r-- 3/10           6655 Jul 10 04:00 1988 ./tahoestand/Makefile
-r--r--r-- 3/10           6251 May 25 06:33 1988 ./tahoestand/cy.c
-r--r--r-- 3/10           1281 Apr  3 10:29 1987 ./tahoestand/srt0.c
drwxrwxr-x 3/10              0 Jul 13 06:54 1988 ./tahoestand/vdformat/
-r--r--r-- 3/10           7635 Jul 13 04:17 1988 ./tahoestand/vdformat/vdfmt.h
-r--r--r-- 3/10           6590 Jul  1 11:53 1987 ./tahoestand/vdformat/cmd.c
-r--r--r-- 3/10           8369 Jun  8 07:36 1988 ./tahoestand/vdformat/io.c
-r--r--r-- 3/10          15879 Jun  8 07:36 1988 ./tahoestand/vdformat/maps.c
-r--r--r-- 3/10           4730 Jun  8 07:36 1988 ./tahoestand/vdformat/vdfmt.c
-r--r--r-- 3/10           3968 Jun  8 07:36 1988 ./tahoestand/vdformat/format.c
-r--r--r-- 3/10           6100 Jun  8 07:35 1988 ./tahoestand/vdformat/disklabel.c
-r--r--r-- 3/10           1284 Nov 24 10:29 1987 ./tahoestand/vdformat/exercise.c
-r--r--r-- 3/10            812 Nov  5 16:24 1986 ./tahoestand/vdformat/cmd.h
-r--r--r-- 3/10           6644 Nov 24 10:29 1987 ./tahoestand/vdformat/proc_cmd.c
-r--r--r-- 3/10           1702 Nov 24 10:29 1987 ./tahoestand/vdformat/profile.c
-r--r--r-- 3/10           9362 Jun  8 07:36 1988 ./tahoestand/vdformat/relocate.c
-r--r--r-- 3/10           2884 Jun 15 11:51 1988 ./tahoestand/vdformat/config.c
-r--r--r-- 3/10           4708 Jun  8 07:35 1988 ./tahoestand/vdformat/correct.c
-r--r--r-- 3/10           1479 Jul  1 11:55 1987 ./tahoestand/vdformat/delete.c
-r--r--r-- 3/10           1011 Jul  1 11:55 1987 ./tahoestand/vdformat/help.c
-r--r--r-- 3/10            606 Nov 24 10:29 1987 ./tahoestand/vdformat/info.c
-r--r--r-- 3/10           1782 Jun  8 07:36 1988 ./tahoestand/vdformat/smd.c
-r--r--r-- 3/10           1289 Nov 24 10:29 1987 ./tahoestand/vdformat/list.c
-r--r--r-- 3/10            327 Jul  1 11:55 1987 ./tahoestand/vdformat/reset.c
-r--r--r-- 3/10           1930 Jun  8 07:36 1988 ./tahoestand/vdformat/smd_e.c
-r--r--r-- 3/10            768 Nov 24 10:29 1987 ./tahoestand/vdformat/start.c
-r--r--r-- 3/10           6258 Jun  8 07:36 1988 ./tahoestand/vdformat/verify.c
-r--r--r-- 3/10           1881 Jun  1 01:45 1988 ./tahoestand/vdformat/util.c
-r--r--r-- 3/10           1752 Jun  8 07:34 1988 ./tahoestand/vdformat/status.c
-r--r--r-- 3/10           1546 Jun  3 11:57 1988 ./tahoestand/vdformat/cons.c
-r--r--r-- 3/10          10050 Jul 10 04:01 1988 ./tahoestand/vdformat/Makefile
-r--r--r-- 3/10           3095 Mar  5 11:22 1988 ./tahoestand/boot.c
-r--r--r-- 3/10          10813 Jun 15 11:48 1988 ./tahoestand/vd.c
-r--r--r-- 3/10           5954 Dec 19 18:53 1986 ./tahoestand/cyvar.h
-r--r--r-- 3/10           1536 Jun 30 10:36 1988 ./tahoestand/conf.c
-rw-rw-r-- 3/10           9220 Mar  4 17:48 1988 ./tahoestand/hdc.c
-r--r--r-- 3/10           3246 Mar  4 09:56 1988 ./tahoestand/prf.c
-r--r--r-- 3/10           2007 Oct 28 13:47 1987 ./tahoestand/machdep.c
drwxrwxr-x 3/10              0 Jun  3 02:50 1988 ./tahoevba/
-r--r--r-- 3/10           7665 Jun 30 10:51 1988 ./tahoevba/vba.c
-r--r--r-- 3/10            553 May 22 11:47 1988 ./tahoevba/scope.h
-r--r--r-- 3/10          39127 Jul 17 07:25 1988 ./tahoevba/vd.c
-r--r--r-- 3/10           6662 Jun 30 10:51 1988 ./tahoevba/vbavar.h
-r--r--r-- 3/10          30231 Jul 17 07:27 1988 ./tahoevba/cy.c
-rw-rw-r-- 3/10           6491 Mar  6 05:37 1988 ./tahoevba/cyreg.h
-r--r--r-- 3/10          14230 Jun 30 10:51 1988 ./tahoevba/vdreg.h
-r--r--r-- 3/10          30565 Jul 10 09:35 1988 ./tahoevba/vx.c
-r--r--r-- 3/10           5720 Jun 30 10:51 1988 ./tahoevba/vxreg.h
-r--r--r-- 3/10          28355 May 22 11:33 1988 ./tahoevba/dr.c
-r--r--r-- 3/10           6906 May 22 11:33 1988 ./tahoevba/drreg.h
lrwxrwxr-x 3/10              0 May 25 04:42 1988 ./tahoevba/tags -> ../tahoe/tags
-rw-rw-r-- 3/10          13127 Mar  4 17:49 1988 ./tahoevba/hdc.h
-r--r--r-- 3/10           3395 Jun 30 10:51 1988 ./tahoevba/vbaparam.h
-r--r--r-- 3/10          32732 Jul 10 09:31 1988 ./tahoevba/mp.c
-r--r--r-- 3/10           2768 May 22 11:33 1988 ./tahoevba/ikreg.h
-r--r--r-- 3/10          15629 Jun  1 01:42 1988 ./tahoevba/ik.c
-r--r--r-- 3/10           2221 May 22 11:33 1988 ./tahoevba/psproto.h
-r--r--r-- 3/10           1641 May 22 11:33 1988 ./tahoevba/psreg.h
-r--r--r-- 3/10          15071 Jul 16 09:25 1988 ./tahoevba/mpreg.h
drwxrwxr-x 3/10              0 Jul 12 12:19 1988 ./vax/
-r--r--r-- 3/10          18485 May 27 02:36 1988 ./vax/conf.c
-r--r--r-- 3/10            488 Jun  5 17:57 1986 ./vax/rpb.s
-r--r--r-- 3/10           4324 Jun  5 17:42 1986 ./vax/crl.c
-r--r--r-- 3/10           1735 Jun  5 17:43 1986 ./vax/flp.h
-r--r--r-- 3/10           5235 Dec  1 05:58 1987 ./vax/vmparam.h
-r--r--r-- 3/10           3135 Oct 29 11:47 1987 ./vax/genassym.c
-r--r--r-- 3/10            605 Dec 23 07:56 1987 ./vax/dkio.h
-r--r--r-- 3/10           5327 May  8 07:21 1988 ./vax/cons.c
-r--r--r-- 3/10           3559 Aug 10 09:11 1986 ./vax/nexus.h
-r--r--r-- 3/10           1461 Jun  5 17:42 1986 ./vax/cons.h
-r--r--r-- 3/10             92 Jun  5 17:58 1986 ./vax/crt0.ex
-r--r--r-- 3/10          33027 May 27 02:37 1988 ./vax/autoconf.c
-r--r--r-- 3/10           1731 May  8 07:21 1988 ./vax/clock.h
-r--r--r-- 3/10           3256 May 15 04:13 1988 ./vax/scb.s
-r--r--r-- 3/10           2199 Dec  4 14:32 1987 ./vax/udiv.s
-r--r--r-- 3/10           2459 May  3 13:25 1988 ./vax/pte.h
-r--r--r-- 3/10           4672 Jul 10 06:58 1988 ./vax/cpu.h
-r--r--r-- 3/10            785 Jun  5 17:43 1986 ./vax/dkbad.c
-r--r--r-- 3/10            622 Jun  5 17:43 1986 ./vax/frame.h
-r--r--r-- 3/10           5757 Jun  5 17:43 1986 ./vax/flp.c
-r--r--r-- 3/10           5227 Jul 10 07:11 1988 ./vax/cpudata.c
-r--r--r-- 3/10           4209 Jun 30 10:52 1988 ./vax/in_cksum.c
-r--r--r-- 3/10          15450 Jul 10 06:40 1988 ./vax/mscp.h
-r--r--r-- 3/10           4847 May  8 07:21 1988 ./vax/mtpr.h
-r--r--r-- 3/10            646 May  8 07:21 1988 ./vax/mem.h
-r--r--r-- 3/10           1456 Jun  5 17:47 1986 ./vax/pcb.h
-r--r--r-- 3/10            957 Jun  5 18:08 1986 ./vax/pcb.m
-r--r--r-- 3/10           1329 Dec 11 13:44 1987 ./vax/psl.h
-r--r--r-- 3/10           5134 Jul 10 07:11 1988 ./vax/clock.c
-r--r--r-- 3/10           2564 Aug 10 08:12 1986 ./vax/ioa.h
-r--r--r-- 3/10            772 Jan 14 05:57 1987 ./vax/reg.h
-r--r--r-- 3/10            731 Jun  5 17:47 1986 ./vax/rpb.h
-r--r--r-- 3/10           2488 Jun  5 17:47 1986 ./vax/rsp.h
-r--r--r-- 3/10           2767 May  8 07:21 1988 ./vax/scb.h
-r--r--r-- 3/10           6988 May 20 08:22 1988 ./vax/trap.c
-r--r--r-- 3/10           1312 Jun  5 17:58 1986 ./vax/urem.s
-r--r--r-- 3/10           3023 Jun  5 17:45 1986 ./vax/mem.c
-r--r--r-- 3/10           3831 Jun 30 10:52 1988 ./vax/ns_cksum.c
-r--r--r-- 3/10           8526 May 28 09:08 1988 ./vax/Locore.c
-r--r--r-- 3/10            928 Jun  5 17:58 1986 ./vax/symbols.raw
-r--r--r-- 3/10          43257 May 28 09:09 1988 ./vax/locore.s
-r--r--r-- 3/10          11298 May 28 09:14 1988 ./vax/tmscp.h
-r--r--r-- 3/10           2590 Jan 26 04:31 1988 ./vax/machparam.h
-r--r--r-- 3/10          20153 May 27 02:37 1988 ./vax/machdep.c
-r--r--r-- 3/10           3457 May  8 07:21 1988 ./vax/vm_machdep.c
-r--r--r-- 3/10           2783 Jun  5 17:48 1986 ./vax/sys_machdep.c
-r--r--r-- 3/10           1916 Jul 12 08:26 1987 ./vax/trap.h
-r--r--r-- 3/10           2522 Jul 10 07:11 1988 ./vax/ka730.c
-r--r--r-- 3/10           2878 Jul 10 07:11 1988 ./vax/ka750.c
-r--r--r-- 3/10           1772 Aug  8 06:53 1984 ./vax/astags
-rw-r--r-- 3/10            379 Jul 22 11:36 1984 ./vax/symbols.sort
-r--r--r-- 3/10          15570 Jun  5 17:49 1986 ./vax/tu.c
-r--r--r-- 3/10           2939 Jun  5 17:42 1986 ./vax/crl.h
drwxrwxr-x 3/10              0 May 22 07:30 1988 ./vax/inline/
-r--r--r-- 3/10           7235 Jun  5 18:13 1986 ./vax/inline/main.c
-r--r--r-- 3/10           2291 Jun  5 18:11 1986 ./vax/inline/inline.h
-r--r--r-- 3/10           1677 Jun  5 18:15 1986 ./vax/inline/Makefile
-r--r--r-- 3/10           3948 Jun  5 18:12 1986 ./vax/inline/langpats.c
-r--r--r-- 3/10           1112 Jun  5 18:12 1986 ./vax/inline/libcpats.c
-r--r--r-- 3/10           3090 Jun  5 18:12 1986 ./vax/inline/machpats.c
-r--r--r-- 3/10           9434 Jun  5 18:12 1986 ./vax/inline/machdep.c
-r--r--r-- 3/10           3642 Jul 10 07:11 1988 ./vax/ka630.c
-r--r--r-- 3/10           2345 Jun  5 17:50 1986 ./vax/ufs_machdep.c
-r--r--r-- 3/10           1920 Jul 10 07:11 1988 ./vax/ka630.h
-r--r--r-- 3/10          29180 Jan 17 04:58 1987 ./vax/emulate.s
-r--r--r-- 3/10           7010 May 20 14:39 1988 ./vax/kdb_machdep.c
-r--r--r-- 3/10           1907 May  8 07:00 1988 ./vax/kdbparam.h
-r--r--r-- 3/10          13340 May 27 02:37 1988 ./vax/kdb_opset.c
-r--r--r-- 3/10           5335 May  1 07:06 1985 ./vax/asnumber.h
-rw-rw-r-- 3/10          15862 Jan 17 11:18 1987 ./vax/kdb_instrs
-r--r--r-- 3/10           3551 Jun  8 03:07 1988 ./vax/swapgeneric.c
-r--r--r-- 3/10           1512 Jun 30 10:52 1988 ./vax/endian.h
-r--r--r-- 3/10           6074 Jul 10 07:11 1988 ./vax/ka780.c
-r--r--r-- 3/10           8981 Jul 10 06:45 1988 ./vax/ka820.c
-r--r--r-- 3/10           6721 Jul 10 07:11 1988 ./vax/ka860.c
-r--r--r-- 3/10          23782 Jul 10 06:40 1988 ./vax/mscp.c
-r--r--r-- 3/10           6714 Jul 10 06:40 1988 ./vax/mscpvar.h
-r--r--r-- 3/10           5266 Jul 10 07:10 1988 ./vax/rx50.c
-r--r--r-- 3/10           2320 Jul 10 07:10 1988 ./vax/rx50reg.h
-r--r--r-- 3/10           4289 Jul 10 06:45 1988 ./vax/ka820.h
-rw-rw-r-- 3/10         557088 May 25 04:45 1988 ./vax/tags
drwxrwxr-x 3/10              0 Jul 17 09:32 1988 ./vaxdist/
-r-xr-xr-x 3/10            481 Jun  7 13:03 1986 ./vaxdist/buildmini
-r--r--r-- 3/10           3048 Mar  1 10:41 1988 ./vaxdist/get
-rw-r--r-- 3/10            881 Jun 24 09:40 1985 ./vaxdist/README
-r--r--r-- 3/10           9358 Jul 17 08:47 1988 ./vaxdist/MAKEDEV
-r-xr-xr-x 3/10           3156 Jun  7 13:03 1986 ./vaxdist/maketape
-r--r--r-- 3/10          14770 Jan 28 11:32 1988 ./vaxdist/disktab
-rw-r--r-- 3/10            142 Apr 26 05:38 1986 ./vaxdist/group
-rw-r--r-- 3/10             63 Aug 15 15:58 1983 ./vaxdist/fstab.hp
-rw-r--r-- 3/10             63 Aug 15 15:58 1983 ./vaxdist/fstab.ra60
-rw-r--r-- 3/10             63 Aug 15 15:58 1983 ./vaxdist/fstab.ra80
-rw-r--r-- 3/10             63 Aug 15 15:58 1983 ./vaxdist/fstab.ra81
-rw-r--r-- 3/10             63 Aug 15 15:58 1983 ./vaxdist/fstab.rb80
-rw-r--r-- 3/10            111 Aug 15 15:58 1983 ./vaxdist/fstab.rk07
-rw-r--r-- 3/10             41 Aug 15 15:58 1983 ./vaxdist/fstab.rm03
-rw-r--r-- 3/10             63 Aug 15 15:58 1983 ./vaxdist/fstab.rm05
-rw-r--r-- 3/10             41 Aug 15 15:58 1983 ./vaxdist/fstab.rm80
-rwxrwxr-x 3/10           1444 Jul 10 03:58 1988 ./vaxdist/MAKEHOSTS
-rw-r--r-- 3/10             41 Aug 15 15:58 1983 ./vaxdist/fstab.rp06
-rw-r--r-- 3/10             63 Aug 15 15:58 1983 ./vaxdist/fstab.rp07
-rw-r--r-- 3/10             63 Aug 15 15:58 1983 ./vaxdist/fstab.up
-rw-r--r-- 3/10             41 Aug 15 15:58 1983 ./vaxdist/fstab.up160m
-rw-r--r-- 3/10             63 Aug 15 15:58 1983 ./vaxdist/fstab.up300m
-rw-r--r-- 3/10             79 Jun  8 05:32 1986 ./vaxdist/motd
-r--r--r-- 3/10           2108 Jan 26 07:36 1988 ./vaxdist/passwd
-rw-r--r-- 3/10           2854 Jul 11 04:21 1988 ./vaxdist/rc
-rw-r--r-- 3/10             77 Aug 15 16:02 1983 ./vaxdist/printcap
-rw-r--r-- 3/10            442 Jul 17 07:30 1988 ./vaxdist/rc.local
drwxrwxr-x 3/10              0 Oct 18 06:22 1985 ./vaxdist/tp/
-rw-r--r-- 3/10          23936 Mar 26 06:37 1986 ./vaxdist/tp/copy
-rw-r--r-- 3/10          25124 Mar 26 06:37 1986 ./vaxdist/tp/boot
-rw-r--r-- 3/10          20776 Mar 26 06:37 1986 ./vaxdist/tp/format
-rw-r--r-- 3/10           1142 Jun 22 11:30 1985 ./vaxdist/ttys
-rw-r--r-- 3/10           1525 Apr 21 14:00 1986 ./vaxdist/services
-rw-r--r-- 3/10             63 Nov  4 07:55 1983 ./vaxdist/fstab.hp400m
-rw-r--r-- 3/10            141 Oct 31 13:16 1985 ./vaxdist/shells
-rw-rw-r-- 3/10           1363 Apr 17 08:00 1986 ./vaxdist/tape3
-rw-r--r-- 3/10            990 Jun  7 06:48 1986 ./vaxdist/inetd.conf
-rw-r--r-- 3/10            287 Apr 22 02:01 1988 ./vaxdist/syslog.conf
-r-xr-xr-x 3/10           3188 Jun  8 05:55 1986 ./vaxdist/maketape2
-r--r--r-- 3/10           1668 Jun 30 10:58 1988 ./vaxdist/20b.c
-r-xr-xr-x 3/10            332 Jul 17 07:29 1988 ./vaxdist/netstart
-rw-r--r-- 3/10            995 Sep 17 07:35 1985 ./vaxdist/.cshrc
-rw-r--r-- 3/10            137 Jun 24 15:29 1985 ./vaxdist/.login
-rw-r--r-- 3/10            121 Jun 24 15:29 1985 ./vaxdist/.profile
-rw-r--r-- 3/10              5 Feb 15 18:13 1986 ./vaxdist/ftpusers
-r--r--r-- 3/10         143946 Jul 15 15:43 1988 ./vaxdist/termcap
-r--r--r-- 3/10           2911 Jul 15 15:43 1988 ./vaxdist/gettytab
-rw-r--r-- 3/10            387 Jun  7 07:00 1986 ./vaxdist/hosts
-rw-r--r-- 3/10             32 Jul 23 17:49 1983 ./vaxdist/hosts.equiv
-rw-r--r-- 3/10            441 Jul 19 07:05 1985 ./vaxdist/protocols
-rw-r--r-- 3/10          12301 Jun  6 09:40 1986 ./vaxdist/networks
-rw-r--r-- 3/10           1629 Feb 10 06:03 1987 ./vaxdist/remote
-rw-r--r-- 3/10            722 Jun 15 14:39 1988 ./vaxdist/aliases
-rw-r--r-- 3/10            456 Jul 17 09:33 1988 ./vaxdist/crontab
drwxrwxr-x 3/10              0 Jun 14 07:23 1988 ./vaxif/
-r--r--r-- 3/10          46625 Jun  6 10:02 1986 ./vaxif/if_ddn.c
-r--r--r-- 3/10           1709 Jun  5 18:34 1986 ./vaxif/if_accreg.h
-r--r--r-- 3/10          23494 Oct 24 04:11 1987 ./vaxif/if_ec.c
-r--r--r-- 3/10           2165 Jun  5 18:34 1986 ./vaxif/if_cssreg.h
-r--r--r-- 3/10          10264 Jun 30 10:55 1988 ./vaxif/if_acc.c
-r--r--r-- 3/10           2784 May 27 02:40 1988 ./vaxif/if_dmc.h
-r--r--r-- 3/10          24907 May 28 09:40 1988 ./vaxif/if_ex.c
-r--r--r-- 3/10          22017 May 27 02:39 1988 ./vaxif/if_de.c
-r--r--r-- 3/10          12154 Jun 30 10:55 1988 ./vaxif/if_css.c
-r--r--r-- 3/10          19916 Aug  8 08:10 1986 ./vaxif/if_il.c
-r--r--r-- 3/10           1264 Jun  5 18:35 1986 ./vaxif/if_enreg.h
-r--r--r-- 3/10          17405 Jun  6 10:05 1986 ./vaxif/if_en.c
-r--r--r-- 3/10           9347 Dec 23 07:50 1987 ./vaxif/if_hy.h
-r--r--r-- 3/10          23954 May 28 09:38 1988 ./vaxif/if_dmc.c
-r--r--r-- 3/10          15729 May 27 02:39 1988 ./vaxif/if_hdh.c
-r--r--r-- 3/10           4234 Jun  5 18:37 1986 ./vaxif/if_ilreg.h
-r--r--r-- 3/10          37598 Jun  6 10:08 1986 ./vaxif/if_hy.c
-r--r--r-- 3/10           2520 Jun  5 18:38 1986 ./vaxif/if_pclreg.h
-r--r--r-- 3/10           9262 May 25 11:52 1988 ./vaxif/if_uba.c
-r--r--r-- 3/10          28045 May 29 10:10 1988 ./vaxif/if_qe.c
lrwxrwxr-x 3/10              0 May 25 04:42 1988 ./vaxif/tags -> ../vax/tags
-r--r--r-- 3/10           4363 Jun  5 18:34 1986 ./vaxif/if_ddnreg.h
-r--r--r-- 3/10          22907 Apr 17 10:53 1987 ./vaxif/if_ix.c
-r--r--r-- 3/10           4164 Jun  5 18:34 1986 ./vaxif/if_ddnvar.h
-r--r--r-- 3/10           1684 Jun  5 18:37 1986 ./vaxif/if_il.h
-r--r--r-- 3/10           3834 Jun  5 18:38 1986 ./vaxif/if_vv.h
-r--r--r-- 3/10           6819 Jun  5 18:35 1986 ./vaxif/if_dereg.h
-r--r--r-- 3/10           2425 Jun  5 18:37 1986 ./vaxif/if_ix.h
-r--r--r-- 3/10          12332 Jun  6 10:10 1986 ./vaxif/if_pcl.c
-r--r--r-- 3/10           6616 Jun  5 18:37 1986 ./vaxif/if_hyreg.h
-r--r--r-- 3/10          10161 Jun  5 18:36 1986 ./vaxif/if_exreg.h
-r--r--r-- 3/10          26883 Jun 30 10:55 1988 ./vaxif/if_dmv.c
-r--r--r-- 3/10           3848 Jun  5 18:36 1986 ./vaxif/if_hdhreg.h
-r--r--r-- 3/10           1516 Jun  6 10:13 1986 ./vaxif/raw_hy.c
-r--r--r-- 3/10           3514 Aug 10 08:17 1986 ./vaxif/if_uba.h
-r--r--r-- 3/10           2146 Jun  5 18:35 1986 ./vaxif/if_ecreg.h
-r--r--r-- 3/10            788 Jun  5 18:35 1986 ./vaxif/if_en.h
-r--r--r-- 3/10          26304 Jun  6 10:12 1986 ./vaxif/if_vv.c
-r--r--r-- 3/10           5216 Jun  5 18:38 1986 ./vaxif/if_qereg.h
-r--r--r-- 3/10           5034 Jun 30 10:55 1988 ./vaxif/if_dmv.h
drwxrwxr-x 3/10              0 May 25 04:42 1988 ./vaxmba/
-r--r--r-- 3/10          36336 Jul 16 10:26 1988 ./vaxmba/hp.c
-r--r--r-- 3/10           6270 Jun  5 18:29 1986 ./vaxmba/hpreg.h
-r--r--r-- 3/10          11396 Feb 20 12:34 1987 ./vaxmba/mba.c
-r--r--r-- 3/10           4474 May 13 04:37 1987 ./vaxmba/htreg.h
-r--r--r-- 3/10          13697 May  7 10:21 1988 ./vaxmba/ht.c
-r--r--r-- 3/10           4176 Jun  5 18:31 1986 ./vaxmba/mbareg.h
-r--r--r-- 3/10           4696 Jun  5 18:31 1986 ./vaxmba/mbavar.h
-r--r--r-- 3/10          30937 Jun  7 05:17 1988 ./vaxmba/mt.c
-r--r--r-- 3/10           5209 May  7 10:22 1988 ./vaxmba/mtreg.h
lrwxrwxr-x 3/10              0 May 25 04:42 1988 ./vaxmba/tags -> ../vax/tags
drwxrwxr-x 3/10              0 Jul 11 08:57 1988 ./vaxstand/
-r--r--r-- 3/10          19694 Jul 10 03:57 1988 ./vaxstand/Makefile
-r--r--r-- 3/10           6846 Jul 11 03:23 1988 ./vaxstand/autoconf.c
-r--r--r-- 3/10           5066 Mar  5 08:33 1988 ./vaxstand/boot.c
-r--r--r-- 3/10           1635 Feb  5 07:10 1988 ./vaxstand/bootxx.c
-r--r--r-- 3/10           6017 Jul  9 08:38 1988 ./vaxstand/kdb.c
-r--r--r-- 3/10           4043 Jun 30 11:04 1988 ./vaxstand/conf.c
-r--r--r-- 3/10           1245 Jun 30 11:04 1988 ./vaxstand/confhpup.c
-r--r--r-- 3/10           1031 Jun 30 11:04 1988 ./vaxstand/confxx.c
-r--r--r-- 3/10          46715 Jun  7 08:48 1988 ./vaxstand/qfont.c
-r--r--r-- 3/10           1918 Mar  5 11:10 1988 ./vaxstand/drtest.c
-r--r--r-- 3/10          15312 May 28 08:49 1988 ./vaxstand/format.c
-r--r--r-- 3/10          14042 Jul  9 08:05 1988 ./vaxstand/hp.c
-r--r--r-- 3/10           5092 Jun 15 11:21 1988 ./vaxstand/hpmaptype.c
-r--r--r-- 3/10           2463 Feb 23 07:55 1988 ./vaxstand/ht.c
-r--r--r-- 3/10           3369 Jul 10 07:40 1988 ./vaxstand/idc.c
-rw-rw-r-- 3/10           7530 Jan 22 17:09 1988 ./vaxstand/imploop.c
-r--r--r-- 3/10           6745 Jan 29 15:54 1988 ./vaxstand/imptst.c
-r--r--r-- 3/10            603 Jan 29 15:54 1988 ./vaxstand/machdep.c
-r--r--r-- 3/10           2240 Jul 10 07:40 1988 ./vaxstand/mba.c
-r--r--r-- 3/10           3037 Feb 23 07:57 1988 ./vaxstand/mt.c
-r--r--r-- 3/10           3035 Jun  7 08:48 1988 ./vaxstand/prf.c
-r--r--r-- 3/10           3501 Jul 10 07:40 1988 ./vaxstand/rk.c
-r--r--r-- 3/10           5760 Jul 10 07:40 1988 ./vaxstand/rl.c
-r--r--r-- 3/10           1337 Jul 10 07:40 1988 ./vaxstand/savax.h
-r--r--r-- 3/10           3399 Jan 29 15:55 1988 ./vaxstand/srt0.c
-r--r--r-- 3/10           2359 Jul 10 07:40 1988 ./vaxstand/tm.c
-r--r--r-- 3/10           8416 Mar  5 09:06 1988 ./vaxstand/tmscp.c
-r--r--r-- 3/10           3246 Jul 10 07:40 1988 ./vaxstand/ts.c
-r--r--r-- 3/10           1675 Jul 10 07:40 1988 ./vaxstand/uba.c
-r--r--r-- 3/10           6738 Jul 10 07:39 1988 ./vaxstand/uda.c
-r--r--r-- 3/10          13642 Jul 10 07:38 1988 ./vaxstand/up.c
-r--r--r-- 3/10           2235 May 28 08:50 1988 ./vaxstand/upmaptype.c
-r--r--r-- 3/10           2930 Jul 10 07:40 1988 ./vaxstand/ut.c
-r--r--r-- 3/10          11264 Jun  5 18:38 1986 ./vaxstand/pcs750.bin
-r--r--r-- 3/10          31990 Jun 30 12:31 1988 ./vaxstand/qdcons.c
-r--r--r-- 3/10           9532 Jun 30 12:31 1988 ./vaxstand/qvcons.c
drwxrwxr-x 3/10              0 Jul 10 12:51 1988 ./vaxuba/
-r--r--r-- 3/10          16946 May 28 10:33 1988 ./vaxuba/rl.c
-r--r--r-- 3/10          23539 May  7 10:17 1988 ./vaxuba/tm.c
-r--r--r-- 3/10          60483 Jul 10 06:37 1988 ./vaxuba/uda.c
-r--r--r-- 3/10          46578 Apr 17 10:52 1987 ./vaxuba/np.c
-r--r--r-- 3/10          17092 Mar 13 12:04 1987 ./vaxuba/dh.c
-r--r--r-- 3/10          16725 Dec 20 06:46 1986 ./vaxuba/dhu.c
-r--r--r-- 3/10          14049 Feb 20 12:36 1987 ./vaxuba/dmf.c
-r--r--r-- 3/10           6678 Feb 20 12:36 1987 ./vaxuba/dmz.c
-r--r--r-- 3/10           3437 May 13 03:22 1987 ./vaxuba/ad.c
-r--r--r-- 3/10            724 Dec 23 07:59 1987 ./vaxuba/adreg.h
-r--r--r-- 3/10           4622 Jun  5 18:05 1986 ./vaxuba/ct.c
-r--r--r-- 3/10           1688 Jun  5 18:06 1986 ./vaxuba/dhreg.h
-r--r--r-- 3/10           1429 Jun  5 18:08 1986 ./vaxuba/dmreg.h
-r--r--r-- 3/10          57105 May 28 09:10 1988 ./vaxuba/tmscp.c
-r--r--r-- 3/10           4239 Jun  5 18:09 1986 ./vaxuba/dn.c
-r--r--r-- 3/10           2492 Jun  5 18:10 1986 ./vaxuba/dzreg.h
-r--r--r-- 3/10           4077 Jun  5 18:10 1986 ./vaxuba/idcreg.h
-r--r--r-- 3/10           5083 Apr 26 08:49 1988 ./vaxuba/ik.c
-r--r--r-- 3/10           2416 Dec 23 07:56 1987 ./vaxuba/ikreg.h
-r--r--r-- 3/10           1842 Jun  5 18:11 1986 ./vaxuba/kgclock.c
-r--r--r-- 3/10           6771 Jun  5 18:11 1986 ./vaxuba/lp.c
-r--r--r-- 3/10          16113 Jun  5 18:12 1986 ./vaxuba/lpa.c
-r--r--r-- 3/10            339 Jun  5 18:13 1986 ./vaxuba/pdma.h
-r--r--r-- 3/10          15597 Jun  5 18:14 1986 ./vaxuba/ps.c
-r--r--r-- 3/10           4186 Dec 23 07:58 1987 ./vaxuba/psreg.h
-r--r--r-- 3/10          18636 Jun  5 18:23 1986 ./vaxuba/uu.c
-r--r--r-- 3/10           5043 Jun  5 18:15 1986 ./vaxuba/rkreg.h
-r--r--r-- 3/10          15887 May 15 04:34 1988 ./vaxuba/uba.c
-r--r--r-- 3/10           4129 Jun  5 18:15 1986 ./vaxuba/rlreg.h
-r--r--r-- 3/10          21220 Jan 29 07:18 1988 ./vaxuba/rx.c
-r--r--r-- 3/10           3406 Dec 23 07:53 1987 ./vaxuba/rxreg.h
-r--r--r-- 3/10           3393 Apr 18 05:57 1987 ./vaxuba/tmreg.h
-r--r--r-- 3/10          18005 May 28 09:10 1988 ./vaxuba/rk.c
-r--r--r-- 3/10          23602 May  7 10:17 1988 ./vaxuba/ts.c
-r--r--r-- 3/10          14258 Jan 15 03:47 1987 ./vaxuba/dz.c
-r--r--r-- 3/10           5999 Nov  4 05:10 1987 ./vaxuba/tsreg.h
-r--r--r-- 3/10           6254 Jun  5 18:22 1986 ./vaxuba/upreg.h
-r--r--r-- 3/10           9020 May 15 04:34 1988 ./vaxuba/ubareg.h
-r--r--r-- 3/10           8182 May 15 04:34 1988 ./vaxuba/ubavar.h
-r--r--r-- 3/10          21390 May 28 10:33 1988 ./vaxuba/idc.c
-r--r--r-- 3/10           2355 Oct 24 04:17 1987 ./vaxuba/udareg.h
-r--r--r-- 3/10          20726 May  7 10:17 1988 ./vaxuba/ut.c
-r--r--r-- 3/10           6492 May 27 02:40 1988 ./vaxuba/utreg.h
-r--r--r-- 3/10          26139 Jun 29 08:36 1988 ./vaxuba/up.c
-r--r--r-- 3/10           1084 Jun  5 18:23 1986 ./vaxuba/uureg.h
-r--r--r-- 3/10          10152 Jun  5 18:23 1986 ./vaxuba/va.c
-r--r--r-- 3/10           7292 Jun  5 18:24 1986 ./vaxuba/vp.c
-r--r--r-- 3/10            689 Jun  5 18:24 1986 ./vaxuba/vpreg.h
-r--r--r-- 3/10          18404 Apr  9 04:46 1987 ./vaxuba/npreg.h
-r--r--r-- 3/10           2030 Feb 20 12:36 1987 ./vaxuba/dmfreg.h
-r--r--r-- 3/10           4830 Jun  5 18:07 1986 ./vaxuba/dhureg.h
-r--r--r-- 3/10          21501 Jun  5 18:24 1986 ./vaxuba/vs.c
-r--r--r-- 3/10           6176 Jun  5 18:24 1986 ./vaxuba/vsreg.h
-r--r--r-- 3/10            623 Feb 20 12:36 1987 ./vaxuba/dmzreg.h
-r--r--r-- 3/10           3109 Jun  5 18:18 1986 ./vaxuba/tmscpreg.h
-r--r--r-- 3/10          12339 Aug 21 03:03 1986 ./vaxuba/dmx.c
lrwxrwxr-x 3/10              0 May 25 04:42 1988 ./vaxuba/tags -> ../vax/tags
-r--r--r-- 3/10            854 Jul  9 05:02 1986 ./vaxuba/dmx.h
-r--r--r-- 3/10           3732 Aug 19 05:07 1986 ./vaxuba/dmxreg.h
-r--r--r-- 3/10          88424 Jun 15 07:07 1988 ./vaxuba/qd.c
-r--r--r-- 3/10           3915 Jun  4 11:32 1988 ./vaxuba/qdioctl.h
-r--r--r-- 3/10          10593 Jun 15 07:07 1988 ./vaxuba/qdreg.h
-r--r--r-- 3/10          17213 Jun  4 11:32 1988 ./vaxuba/qduser.h
-r--r--r-- 3/10           3020 Jun  4 11:32 1988 ./vaxuba/qevent.h
-r--r--r-- 3/10          60149 Jun  4 11:32 1988 ./vaxuba/qfont.c
-r--r--r-- 3/10          32984 Jun 15 07:07 1988 ./vaxuba/qv.c
-r--r--r-- 3/10           2239 Jun  4 11:32 1988 ./vaxuba/qvioctl.h
-r--r--r-- 3/10           2636 Jun  4 11:32 1988 ./vaxuba/qvreg.h
-rw-r--r-- 3/10          40592 Jul 10 12:52 1988 ./vaxuba/up.c.disklabel
drwxrwxr-x 3/10              0 May 22 09:32 1988 ./stand/
-r--r--r-- 3/10            974 Jun 30 11:19 1988 ./stand/cat.c
-r--r--r-- 3/10           1268 May 25 06:32 1988 ./stand/copy.c
-r--r--r-- 3/10           2683 Jun 30 11:19 1988 ./stand/dev.c
-r--r--r-- 3/10           1705 Jun 30 11:19 1988 ./stand/docopy.c
-r--r--r-- 3/10           1114 Jun 30 11:19 1988 ./stand/getfile.c
-r--r--r-- 3/10           1455 Jun 30 11:19 1988 ./stand/gets.c
-r--r--r-- 3/10           1821 Jun 30 11:19 1988 ./stand/ls.c
-r--r--r-- 3/10            633 Feb 22 08:45 1988 ./stand/printn.c
-r--r--r-- 3/10           1583 Jun 30 11:19 1988 ./stand/saerrno.h
-r--r--r-- 3/10           2911 Mar  3 10:54 1988 ./stand/saio.h
-r--r--r-- 3/10           1807 Jun 30 11:19 1988 ./stand/saioctl.h
-r--r--r-- 3/10          13284 Jul  2 02:06 1988 ./stand/sys.c
